Archive member included to satisfy reference by file (symbol)

c:/st/stm32cubeide_1.3.0/stm32cubeide/plugins/com.st.stm32cube.ide.mcu.externaltools.gnu-tools-for-stm32.7-2018-q2-update.win32_1.0.0.201904181610/tools/bin/../lib/gcc/arm-none-eabi/7.3.1/../../../../arm-none-eabi/lib/thumb/v7e-m/fpv4-sp/hard\libc_nano.a(lib_a-atoi.o)
                              Core/Src/output.o (atoi)
c:/st/stm32cubeide_1.3.0/stm32cubeide/plugins/com.st.stm32cube.ide.mcu.externaltools.gnu-tools-for-stm32.7-2018-q2-update.win32_1.0.0.201904181610/tools/bin/../lib/gcc/arm-none-eabi/7.3.1/../../../../arm-none-eabi/lib/thumb/v7e-m/fpv4-sp/hard\libc_nano.a(lib_a-errno.o)
                              Core/Src/syscalls.o (__errno)
c:/st/stm32cubeide_1.3.0/stm32cubeide/plugins/com.st.stm32cube.ide.mcu.externaltools.gnu-tools-for-stm32.7-2018-q2-update.win32_1.0.0.201904181610/tools/bin/../lib/gcc/arm-none-eabi/7.3.1/../../../../arm-none-eabi/lib/thumb/v7e-m/fpv4-sp/hard\libc_nano.a(lib_a-exit.o)
                              c:/st/stm32cubeide_1.3.0/stm32cubeide/plugins/com.st.stm32cube.ide.mcu.externaltools.gnu-tools-for-stm32.7-2018-q2-update.win32_1.0.0.201904181610/tools/bin/../lib/gcc/arm-none-eabi/7.3.1/../../../../arm-none-eabi/lib/thumb/v7e-m/fpv4-sp/hard/crt0.o (exit)
c:/st/stm32cubeide_1.3.0/stm32cubeide/plugins/com.st.stm32cube.ide.mcu.externaltools.gnu-tools-for-stm32.7-2018-q2-update.win32_1.0.0.201904181610/tools/bin/../lib/gcc/arm-none-eabi/7.3.1/../../../../arm-none-eabi/lib/thumb/v7e-m/fpv4-sp/hard\libc_nano.a(lib_a-impure.o)
                              c:/st/stm32cubeide_1.3.0/stm32cubeide/plugins/com.st.stm32cube.ide.mcu.externaltools.gnu-tools-for-stm32.7-2018-q2-update.win32_1.0.0.201904181610/tools/bin/../lib/gcc/arm-none-eabi/7.3.1/../../../../arm-none-eabi/lib/thumb/v7e-m/fpv4-sp/hard\libc_nano.a(lib_a-exit.o) (_global_impure_ptr)
c:/st/stm32cubeide_1.3.0/stm32cubeide/plugins/com.st.stm32cube.ide.mcu.externaltools.gnu-tools-for-stm32.7-2018-q2-update.win32_1.0.0.201904181610/tools/bin/../lib/gcc/arm-none-eabi/7.3.1/../../../../arm-none-eabi/lib/thumb/v7e-m/fpv4-sp/hard\libc_nano.a(lib_a-init.o)
                              c:/st/stm32cubeide_1.3.0/stm32cubeide/plugins/com.st.stm32cube.ide.mcu.externaltools.gnu-tools-for-stm32.7-2018-q2-update.win32_1.0.0.201904181610/tools/bin/../lib/gcc/arm-none-eabi/7.3.1/../../../../arm-none-eabi/lib/thumb/v7e-m/fpv4-sp/hard/crt0.o (__libc_init_array)
c:/st/stm32cubeide_1.3.0/stm32cubeide/plugins/com.st.stm32cube.ide.mcu.externaltools.gnu-tools-for-stm32.7-2018-q2-update.win32_1.0.0.201904181610/tools/bin/../lib/gcc/arm-none-eabi/7.3.1/../../../../arm-none-eabi/lib/thumb/v7e-m/fpv4-sp/hard\libc_nano.a(lib_a-memset.o)
                              c:/st/stm32cubeide_1.3.0/stm32cubeide/plugins/com.st.stm32cube.ide.mcu.externaltools.gnu-tools-for-stm32.7-2018-q2-update.win32_1.0.0.201904181610/tools/bin/../lib/gcc/arm-none-eabi/7.3.1/../../../../arm-none-eabi/lib/thumb/v7e-m/fpv4-sp/hard/crt0.o (memset)
c:/st/stm32cubeide_1.3.0/stm32cubeide/plugins/com.st.stm32cube.ide.mcu.externaltools.gnu-tools-for-stm32.7-2018-q2-update.win32_1.0.0.201904181610/tools/bin/../lib/gcc/arm-none-eabi/7.3.1/../../../../arm-none-eabi/lib/thumb/v7e-m/fpv4-sp/hard\libc_nano.a(lib_a-snprintf.o)
                              Core/Src/uart_handler.o (snprintf)
c:/st/stm32cubeide_1.3.0/stm32cubeide/plugins/com.st.stm32cube.ide.mcu.externaltools.gnu-tools-for-stm32.7-2018-q2-update.win32_1.0.0.201904181610/tools/bin/../lib/gcc/arm-none-eabi/7.3.1/../../../../arm-none-eabi/lib/thumb/v7e-m/fpv4-sp/hard\libc_nano.a(lib_a-sprintf.o)
                              Core/Src/lcd2.o (sprintf)
c:/st/stm32cubeide_1.3.0/stm32cubeide/plugins/com.st.stm32cube.ide.mcu.externaltools.gnu-tools-for-stm32.7-2018-q2-update.win32_1.0.0.201904181610/tools/bin/../lib/gcc/arm-none-eabi/7.3.1/../../../../arm-none-eabi/lib/thumb/v7e-m/fpv4-sp/hard\libc_nano.a(lib_a-strlen.o)
                              Core/Src/lcd2.o (strlen)
c:/st/stm32cubeide_1.3.0/stm32cubeide/plugins/com.st.stm32cube.ide.mcu.externaltools.gnu-tools-for-stm32.7-2018-q2-update.win32_1.0.0.201904181610/tools/bin/../lib/gcc/arm-none-eabi/7.3.1/../../../../arm-none-eabi/lib/thumb/v7e-m/fpv4-sp/hard\libc_nano.a(lib_a-strncpy.o)
                              Core/Src/uart_handler.o (strncpy)
c:/st/stm32cubeide_1.3.0/stm32cubeide/plugins/com.st.stm32cube.ide.mcu.externaltools.gnu-tools-for-stm32.7-2018-q2-update.win32_1.0.0.201904181610/tools/bin/../lib/gcc/arm-none-eabi/7.3.1/../../../../arm-none-eabi/lib/thumb/v7e-m/fpv4-sp/hard\libc_nano.a(lib_a-strtol.o)
                              c:/st/stm32cubeide_1.3.0/stm32cubeide/plugins/com.st.stm32cube.ide.mcu.externaltools.gnu-tools-for-stm32.7-2018-q2-update.win32_1.0.0.201904181610/tools/bin/../lib/gcc/arm-none-eabi/7.3.1/../../../../arm-none-eabi/lib/thumb/v7e-m/fpv4-sp/hard\libc_nano.a(lib_a-atoi.o) (_strtol_r)
[...]
Memory Configuration

Name             Origin             Length             Attributes
CCMRAM           0x0000000010000000 0x0000000000004000 xrw
RAM              0x0000000020000000 0x0000000000010000 xrw
FLASH            0x0000000008000000 0x0000000000080000 xr
*default*        0x0000000000000000 0xffffffffffffffff

Linker script and memory map

LOAD c:/st/stm32cubeide_1.3.0/stm32cubeide/plugins/com.st.stm32cube.ide.mcu.externaltools.gnu-tools-for-stm32.7-2018-q2-update.win32_1.0.0.201904181610/tools/bin/../lib/gcc/arm-none-eabi/7.3.1/thumb/v7e-m/fpv4-sp/hard/crti.o
LOAD c:/st/stm32cubeide_1.3.0/stm32cubeide/plugins/com.st.stm32cube.ide.mcu.externaltools.gnu-tools-for-stm32.7-2018-q2-update.win32_1.0.0.201904181610/tools/bin/../lib/gcc/arm-none-eabi/7.3.1/thumb/v7e-m/fpv4-sp/hard/crtbegin.o
LOAD c:/st/stm32cubeide_1.3.0/stm32cubeide/plugins/com.st.stm32cube.ide.mcu.externaltools.gnu-tools-for-stm32.7-2018-q2-update.win32_1.0.0.201904181610/tools/bin/../lib/gcc/arm-none-eabi/7.3.1/../../../../arm-none-eabi/lib/thumb/v7e-m/fpv4-sp/hard/crt0.o
LOAD Core/Src/lcd.o
LOAD Core/Src/lcd2.o
LOAD Core/Src/main.o
LOAD Core/Src/measurements.o
LOAD Core/Src/output.o
LOAD Core/Src/stateManagement.o
LOAD Core/Src/stm32f3xx_hal_msp.o
LOAD Core/Src/stm32f3xx_it.o
LOAD Core/Src/syscalls.o
LOAD Core/Src/sysmem.o
LOAD Core/Src/system_stm32f3xx.o
LOAD Core/Src/uart_handler.o
LOAD Core/Startup/startup_stm32f303retx.o
LOAD Drivers/STM32F3xx_HAL_Driver/Src/stm32f3xx_hal.o
LOAD Drivers/STM32F3xx_HAL_Driver/Src/stm32f3xx_hal_adc.o
LOAD Drivers/STM32F3xx_HAL_Driver/Src/stm32f3xx_hal_adc_ex.o
LOAD Drivers/STM32F3xx_HAL_Driver/Src/stm32f3xx_hal_cortex.o
LOAD Drivers/STM32F3xx_HAL_Driver/Src/stm32f3xx_hal_dac.o
LOAD Drivers/STM32F3xx_HAL_Driver/Src/stm32f3xx_hal_dac_ex.o
LOAD Drivers/STM32F3xx_HAL_Driver/Src/stm32f3xx_hal_dma.o
LOAD Drivers/STM32F3xx_HAL_Driver/Src/stm32f3xx_hal_exti.o
LOAD Drivers/STM32F3xx_HAL_Driver/Src/stm32f3xx_hal_flash.o
LOAD Drivers/STM32F3xx_HAL_Driver/Src/stm32f3xx_hal_flash_ex.o
LOAD Drivers/STM32F3xx_HAL_Driver/Src/stm32f3xx_hal_gpio.o
LOAD Drivers/STM32F3xx_HAL_Driver/Src/stm32f3xx_hal_i2c.o
LOAD Drivers/STM32F3xx_HAL_Driver/Src/stm32f3xx_hal_i2c_ex.o
LOAD Drivers/STM32F3xx_HAL_Driver/Src/stm32f3xx_hal_pwr.o
LOAD Drivers/STM32F3xx_HAL_Driver/Src/stm32f3xx_hal_pwr_ex.o
LOAD Drivers/STM32F3xx_HAL_Driver/Src/stm32f3xx_hal_rcc.o
LOAD Drivers/STM32F3xx_HAL_Driver/Src/stm32f3xx_hal_rcc_ex.o
LOAD Drivers/STM32F3xx_HAL_Driver/Src/stm32f3xx_hal_tim.o
LOAD Drivers/STM32F3xx_HAL_Driver/Src/stm32f3xx_hal_tim_ex.o
LOAD Drivers/STM32F3xx_HAL_Driver/Src/stm32f3xx_hal_uart.o
LOAD Drivers/STM32F3xx_HAL_Driver/Src/stm32f3xx_hal_uart_ex.o
START GROUP
LOAD c:/st/stm32cubeide_1.3.0/stm32cubeide/plugins/com.st.stm32cube.ide.mcu.externaltools.gnu-tools-for-stm32.7-2018-q2-update.win32_1.0.0.201904181610/tools/bin/../lib/gcc/arm-none-eabi/7.3.1/../../../../arm-none-eabi/lib/thumb/v7e-m/fpv4-sp/hard\libc_nano.a
LOAD c:/st/stm32cubeide_1.3.0/stm32cubeide/plugins/com.st.stm32cube.ide.mcu.externaltools.gnu-tools-for-stm32.7-2018-q2-update.win32_1.0.0.201904181610/tools/bin/../lib/gcc/arm-none-eabi/7.3.1/../../../../arm-none-eabi/lib/thumb/v7e-m/fpv4-sp/hard\libm.a
END GROUP
START GROUP
LOAD c:/st/stm32cubeide_1.3.0/stm32cubeide/plugins/com.st.stm32cube.ide.mcu.externaltools.gnu-tools-for-stm32.7-2018-q2-update.win32_1.0.0.201904181610/tools/bin/../lib/gcc/arm-none-eabi/7.3.1/thumb/v7e-m/fpv4-sp/hard\libgcc.a
LOAD c:/st/stm32cubeide_1.3.0/stm32cubeide/plugins/com.st.stm32cube.ide.mcu.externaltools.gnu-tools-for-stm32.7-2018-q2-update.win32_1.0.0.201904181610/tools/bin/../lib/gcc/arm-none-eabi/7.3.1/../../../../arm-none-eabi/lib/thumb/v7e-m/fpv4-sp/hard\libc_nano.a
END GROUP
START GROUP
LOAD c:/st/stm32cubeide_1.3.0/stm32cubeide/plugins/com.st.stm32cube.ide.mcu.externaltools.gnu-tools-for-stm32.7-2018-q2-update.win32_1.0.0.201904181610/tools/bin/../lib/gcc/arm-none-eabi/7.3.1/thumb/v7e-m/fpv4-sp/hard\libgcc.a
LOAD c:/st/stm32cubeide_1.3.0/stm32cubeide/plugins/com.st.stm32cube.ide.mcu.externaltools.gnu-tools-for-stm32.7-2018-q2-update.win32_1.0.0.201904181610/tools/bin/../lib/gcc/arm-none-eabi/7.3.1/../../../../arm-none-eabi/lib/thumb/v7e-m/fpv4-sp/hard\libc_nano.a
LOAD c:/st/stm32cubeide_1.3.0/stm32cubeide/plugins/com.st.stm32cube.ide.mcu.externaltools.gnu-tools-for-stm32.7-2018-q2-update.win32_1.0.0.201904181610/tools/bin/../lib/gcc/arm-none-eabi/7.3.1/../../../../arm-none-eabi/lib/thumb/v7e-m/fpv4-sp/hard\libnosys.a
END GROUP
START GROUP
LOAD c:/st/stm32cubeide_1.3.0/stm32cubeide/plugins/com.st.stm32cube.ide.mcu.externaltools.gnu-tools-for-stm32.7-2018-q2-update.win32_1.0.0.201904181610/tools/bin/../lib/gcc/arm-none-eabi/7.3.1/thumb/v7e-m/fpv4-sp/hard\libgcc.a
LOAD c:/st/stm32cubeide_1.3.0/stm32cubeide/plugins/com.st.stm32cube.ide.mcu.externaltools.gnu-tools-for-stm32.7-2018-q2-update.win32_1.0.0.201904181610/tools/bin/../lib/gcc/arm-none-eabi/7.3.1/../../../../arm-none-eabi/lib/thumb/v7e-m/fpv4-sp/hard\libc_nano.a
LOAD c:/st/stm32cubeide_1.3.0/stm32cubeide/plugins/com.st.stm32cube.ide.mcu.externaltools.gnu-tools-for-stm32.7-2018-q2-update.win32_1.0.0.201904181610/tools/bin/../lib/gcc/arm-none-eabi/7.3.1/../../../../arm-none-eabi/lib/thumb/v7e-m/fpv4-sp/hard\libnosys.a
END GROUP
LOAD c:/st/stm32cubeide_1.3.0/stm32cubeide/plugins/com.st.stm32cube.ide.mcu.externaltools.gnu-tools-for-stm32.7-2018-q2-update.win32_1.0.0.201904181610/tools/bin/../lib/gcc/arm-none-eabi/7.3.1/thumb/v7e-m/fpv4-sp/hard/crtend.o
LOAD c:/st/stm32cubeide_1.3.0/stm32cubeide/plugins/com.st.stm32cube.ide.mcu.externaltools.gnu-tools-for-stm32.7-2018-q2-update.win32_1.0.0.201904181610/tools/bin/../lib/gcc/arm-none-eabi/7.3.1/thumb/v7e-m/fpv4-sp/hard/crtn.o
                0x0000000020010000                _estack = (ORIGIN (RAM) + LENGTH (RAM))
                0x0000000000000200                _Min_Heap_Size = 0x200
                0x0000000000000400                _Min_Stack_Size = 0x400

.isr_vector     0x0000000008000000      0x194
                0x0000000008000000                . = ALIGN (0x4)
 *(.isr_vector)
 .isr_vector    0x0000000008000000      0x194 Core/Startup/startup_stm32f303retx.o
                0x0000000008000000                g_pfnVectors
                0x0000000008000194                . = ALIGN (0x4)

.text           0x00000000080001a0     0x891c
                0x00000000080001a0                . = ALIGN (0x4)
 *(.text)
 .text          0x00000000080001a0       0x40 c:/st/stm32cubeide_1.3.0/stm32cubeide/plugins/com.st.stm32cube.ide.mcu.externaltools.gnu-tools-for-stm32.7-2018-q2-update.win32_1.0.0.201904181610/tools/bin/../lib/gcc/arm-none-eabi/7.3.1/thumb/v7e-m/fpv4-sp/hard/crtbegin.o
 .text          0x00000000080001e0       0xa0 c:/st/stm32cubeide_1.3.0/stm32cubeide/plugins/com.st.stm32cube.ide.mcu.externaltools.gnu-tools-for-stm32.7-2018-q2-update.win32_1.0.0.201904181610/tools/bin/../lib/gcc/arm-none-eabi/7.3.1/../../../../arm-none-eabi/lib/thumb/v7e-m/fpv4-sp/hard\libc_nano.a(lib_a-memchr.o)
                0x00000000080001e0                memchr
 .text          0x0000000008000280      0x378 c:/st/stm32cubeide_1.3.0/stm32cubeide/plugins/com.st.stm32cube.ide.mcu.externaltools.gnu-tools-for-stm32.7-2018-q2-update.win32_1.0.0.201904181610/tools/bin/../lib/gcc/arm-none-eabi/7.3.1/thumb/v7e-m/fpv4-sp/hard\libgcc.a(_arm_addsubdf3.o)
                0x0000000008000280                __aeabi_drsub
                0x0000000008000288                __aeabi_dsub
                0x0000000008000288                __subdf3
                0x000000000800028c                __aeabi_dadd
                0x000000000800028c                __adddf3
                0x0000000008000504                __floatunsidf
                0x0000000008000504                __aeabi_ui2d
                0x0000000008000524                __floatsidf
                0x0000000008000524                __aeabi_i2d
                0x0000000008000548                __aeabi_f2d
                0x0000000008000548                __extendsfdf2
                0x000000000800058c                __floatundidf
                0x000000000800058c                __aeabi_ul2d
                0x000000000800059c                __floatdidf
                0x000000000800059c                __aeabi_l2d
 .text          0x00000000080005f8      0x424 c:/st/stm32cubeide_1.3.0/stm32cubeide/plugins/com.st.stm32cube.ide.mcu.externaltools.gnu-tools-for-stm32.7-2018-q2-update.win32_1.0.0.201904181610/tools/bin/../lib/gcc/arm-none-eabi/7.3.1/thumb/v7e-m/fpv4-sp/hard\libgcc.a(_arm_muldivdf3.o)
                0x00000000080005f8                __aeabi_dmul
                0x00000000080005f8                __muldf3
                0x000000000800084c                __divdf3
                0x000000000800084c                __aeabi_ddiv
 .text          0x0000000008000a1c       0x40 c:/st/stm32cubeide_1.3.0/stm32cubeide/plugins/com.st.stm32cube.ide.mcu.externaltools.gnu-tools-for-stm32.7-2018-q2-update.win32_1.0.0.201904181610/tools/bin/../lib/gcc/arm-none-eabi/7.3.1/thumb/v7e-m/fpv4-sp/hard\libgcc.a(_arm_fixunsdfsi.o)
                0x0000000008000a1c                __aeabi_d2uiz
                0x0000000008000a1c                __fixunsdfsi
 *(.text*)
 .text.LCD_DATA
                0x0000000008000a5c       0xac Core/Src/lcd.o
                0x0000000008000a5c                LCD_DATA
 .text.LCD_CMD  0x0000000008000b08       0x48 Core/Src/lcd.o
                0x0000000008000b08                LCD_CMD
 .text.LCD_init
                0x0000000008000b50       0x62 Core/Src/lcd.o
                0x0000000008000b50                LCD_init
 *fill*         0x0000000008000bb2        0x2 
 .text.LCD_Write_Char
                0x0000000008000bb4       0x90 Core/Src/lcd.o
                0x0000000008000bb4                LCD_Write_Char
 .text.LCD_Write_String
                0x0000000008000c44       0x36 Core/Src/lcd.o
                0x0000000008000c44                LCD_Write_String
 .text.LCD_Clear
                0x0000000008000c7a       0x14 Core/Src/lcd.o
                0x0000000008000c7a                LCD_Clear
 .text.LCD_Set_Cursor
                0x0000000008000c8e       0x6c Core/Src/lcd.o
                0x0000000008000c8e                LCD_Set_Cursor
 *fill*         0x0000000008000cfa        0x2 
 .text.HAL_GPIO_EXTI_Callback
                0x0000000008000cfc       0x34 Core/Src/main.o
                0x0000000008000cfc                HAL_GPIO_EXTI_Callback
 .text.HAL_TIM_PeriodElapsedCallback
                0x0000000008000d30       0x60 Core/Src/main.o
                0x0000000008000d30                HAL_TIM_PeriodElapsedCallback
 .text.main     0x0000000008000d90       0x78 Core/Src/main.o
                0x0000000008000d90                main
 .text.SystemClock_Config
                0x0000000008000e08       0xd0 Core/Src/main.o
                0x0000000008000e08                SystemClock_Config
 .text.MX_ADC1_Init
                0x0000000008000ed8       0xe0 Core/Src/main.o
 .text.MX_DAC1_Init
                0x0000000008000fb8       0x54 Core/Src/main.o
 .text.MX_TIM2_Init
                0x000000000800100c       0x9c Core/Src/main.o
 .text.MX_TIM3_Init
                0x00000000080010a8       0xec Core/Src/main.o
 .text.MX_TIM4_Init
                0x0000000008001194       0x9c Core/Src/main.o
 .text.MX_USART2_UART_Init
                0x0000000008001230       0x60 Core/Src/main.o
 .text.MX_DMA_Init
                0x0000000008001290       0x3c Core/Src/main.o
 .text.MX_GPIO_Init
                0x00000000080012cc      0x154 Core/Src/main.o
 .text.Error_Handler
                0x0000000008001420        0xe Core/Src/main.o
                0x0000000008001420                Error_Handler
 *fill*         0x000000000800142e        0x2 
 .text.sampleADC
                0x0000000008001430       0x58 Core/Src/measurements.o
                0x0000000008001430                sampleADC
 .text.measureAmplitude
                0x0000000008001488      0x204 Core/Src/measurements.o
                0x0000000008001488                measureAmplitude
 .text.measureDCOffset
                0x000000000800168c       0x68 Core/Src/measurements.o
                0x000000000800168c                measureDCOffset
 .text.measureFrequency
                0x00000000080016f4      0x218 Core/Src/measurements.o
                0x00000000080016f4                measureFrequency
 .text.getValue
                0x000000000800190c       0x1e Core/Src/output.o
                0x000000000800190c                getValue
 *fill*         0x000000000800192a        0x2 
 .text.updateOffset
                0x000000000800192c       0x2c Core/Src/output.o
                0x000000000800192c                updateOffset
 .text.updateAmplitude
                0x0000000008001958       0x20 Core/Src/output.o
                0x0000000008001958                updateAmplitude
 .text.updateFrequency
                0x0000000008001978       0x20 Core/Src/output.o
                0x0000000008001978                updateFrequency
 .text.initState
                0x0000000008001998       0x2c Core/Src/stateManagement.o
                0x0000000008001998                initState
 .text.setState
                0x00000000080019c4       0x40 Core/Src/stateManagement.o
                0x00000000080019c4                setState
 .text.setOutType
                0x0000000008001a04       0x2c Core/Src/stateManagement.o
                0x0000000008001a04                setOutType
 .text.setOutState
                0x0000000008001a30       0x28 Core/Src/stateManagement.o
                0x0000000008001a30                setOutState
 .text.stateToString
                0x0000000008001a58       0x64 Core/Src/stateManagement.o
                0x0000000008001a58                stateToString
 .text.outTypeToString
                0x0000000008001abc       0x40 Core/Src/stateManagement.o
                0x0000000008001abc                outTypeToString
 .text.HAL_MspInit
                0x0000000008001afc       0x48 Core/Src/stm32f3xx_hal_msp.o
                0x0000000008001afc                HAL_MspInit
 .text.HAL_ADC_MspInit
                0x0000000008001b44       0x78 Core/Src/stm32f3xx_hal_msp.o
                0x0000000008001b44                HAL_ADC_MspInit
 .text.HAL_DAC_MspInit
                0x0000000008001bbc       0xe4 Core/Src/stm32f3xx_hal_msp.o
                0x0000000008001bbc                HAL_DAC_MspInit
 .text.HAL_TIM_Base_MspInit
                0x0000000008001ca0       0xa8 Core/Src/stm32f3xx_hal_msp.o
                0x0000000008001ca0                HAL_TIM_Base_MspInit
 .text.HAL_TIM_MspPostInit
                0x0000000008001d48       0x6c Core/Src/stm32f3xx_hal_msp.o
                0x0000000008001d48                HAL_TIM_MspPostInit
 .text.HAL_UART_MspInit
                0x0000000008001db4       0x94 Core/Src/stm32f3xx_hal_msp.o
                0x0000000008001db4                HAL_UART_MspInit
 .text.NMI_Handler
                0x0000000008001e48        0xe Core/Src/stm32f3xx_it.o
                0x0000000008001e48                NMI_Handler
 .text.HardFault_Handler
                0x0000000008001e56        0x6 Core/Src/stm32f3xx_it.o
                0x0000000008001e56                HardFault_Handler
 .text.MemManage_Handler
                0x0000000008001e5c        0x6 Core/Src/stm32f3xx_it.o
                0x0000000008001e5c                MemManage_Handler
 .text.BusFault_Handler
                0x0000000008001e62        0x6 Core/Src/stm32f3xx_it.o
                0x0000000008001e62                BusFault_Handler
 .text.UsageFault_Handler
                0x0000000008001e68        0x6 Core/Src/stm32f3xx_it.o
                0x0000000008001e68                UsageFault_Handler
 .text.SVC_Handler
                0x0000000008001e6e        0xe Core/Src/stm32f3xx_it.o
                0x0000000008001e6e                SVC_Handler
 .text.DebugMon_Handler
                0x0000000008001e7c        0xe Core/Src/stm32f3xx_it.o
                0x0000000008001e7c                DebugMon_Handler
 .text.PendSV_Handler
                0x0000000008001e8a        0xe Core/Src/stm32f3xx_it.o
                0x0000000008001e8a                PendSV_Handler
 .text.SysTick_Handler
                0x0000000008001e98        0xc Core/Src/stm32f3xx_it.o
                0x0000000008001e98                SysTick_Handler
 .text.EXTI1_IRQHandler
                0x0000000008001ea4        0xe Core/Src/stm32f3xx_it.o
                0x0000000008001ea4                EXTI1_IRQHandler
 *fill*         0x0000000008001eb2        0x2 
 .text.DMA1_Channel3_IRQHandler
                0x0000000008001eb4       0x14 Core/Src/stm32f3xx_it.o
                0x0000000008001eb4                DMA1_Channel3_IRQHandler
 .text.TIM2_IRQHandler
                0x0000000008001ec8       0x14 Core/Src/stm32f3xx_it.o
                0x0000000008001ec8                TIM2_IRQHandler
 .text.TIM3_IRQHandler
                0x0000000008001edc       0x14 Core/Src/stm32f3xx_it.o
                0x0000000008001edc                TIM3_IRQHandler
 .text.USART2_IRQHandler
                0x0000000008001ef0       0x14 Core/Src/stm32f3xx_it.o
                0x0000000008001ef0                USART2_IRQHandler
 .text._sbrk    0x0000000008001f04       0x58 Core/Src/sysmem.o
                0x0000000008001f04                _sbrk
 .text.SystemInit
                0x0000000008001f5c       0x24 Core/Src/system_stm32f3xx.o
                0x0000000008001f5c                SystemInit
 .text.isValidMsg
                0x0000000008001f80       0x5a Core/Src/uart_handler.o
                0x0000000008001f80                isValidMsg
 *fill*         0x0000000008001fda        0x2 
 .text.clearBuffer
                0x0000000008001fdc       0x20 Core/Src/uart_handler.o
                0x0000000008001fdc                clearBuffer
 *fill*         0x0000000008001ffc        0x4 
 .text.decodeMsg
                0x0000000008002000      0x608 Core/Src/uart_handler.o
                0x0000000008002000                decodeMsg
 .text.msgProcessing
                0x0000000008002608        0xc Core/Src/uart_handler.o
                0x0000000008002608                msgProcessing
 .text.HAL_UART_RxCpltCallback
                0x0000000008002614       0x50 Core/Src/uart_handler.o
                0x0000000008002614                HAL_UART_RxCpltCallback
 .text.Reset_Handler
                0x0000000008002664       0x50 Core/Startup/startup_stm32f303retx.o
                0x0000000008002664                Reset_Handler
 .text.Default_Handler
                0x00000000080026b4        0x2 Core/Startup/startup_stm32f303retx.o
                0x00000000080026b4                RTC_Alarm_IRQHandler
                0x00000000080026b4                TIM8_TRG_COM_IRQHandler
                0x00000000080026b4                TIM8_CC_IRQHandler
                0x00000000080026b4                SPI4_IRQHandler
                0x00000000080026b4                TIM1_CC_IRQHandler
                0x00000000080026b4                USB_HP_IRQHandler
                0x00000000080026b4                PVD_IRQHandler
                0x00000000080026b4                TAMP_STAMP_IRQHandler
                0x00000000080026b4                EXTI3_IRQHandler
                0x00000000080026b4                I2C3_ER_IRQHandler
                0x00000000080026b4                USB_HP_CAN_TX_IRQHandler
                0x00000000080026b4                EXTI0_IRQHandler
                0x00000000080026b4                I2C2_EV_IRQHandler
                0x00000000080026b4                FPU_IRQHandler
                0x00000000080026b4                TIM1_UP_TIM16_IRQHandler
                0x00000000080026b4                ADC1_2_IRQHandler
                0x00000000080026b4                SPI1_IRQHandler
                0x00000000080026b4                CAN_SCE_IRQHandler
                0x00000000080026b4                TIM6_DAC_IRQHandler
                0x00000000080026b4                TIM8_UP_IRQHandler
                0x00000000080026b4                DMA2_Channel2_IRQHandler
                0x00000000080026b4                DMA1_Channel4_IRQHandler
                0x00000000080026b4                TIM20_TRG_COM_IRQHandler
                0x00000000080026b4                USART3_IRQHandler
                0x00000000080026b4                DMA1_Channel7_IRQHandler
                0x00000000080026b4                UART5_IRQHandler
                0x00000000080026b4                ADC3_IRQHandler
                0x00000000080026b4                TIM4_IRQHandler
                0x00000000080026b4                CAN_RX1_IRQHandler
                0x00000000080026b4                DMA2_Channel1_IRQHandler
                0x00000000080026b4                I2C1_EV_IRQHandler
                0x00000000080026b4                DMA1_Channel6_IRQHandler
                0x00000000080026b4                UART4_IRQHandler
                0x00000000080026b4                DMA2_Channel4_IRQHandler
                0x00000000080026b4                RCC_IRQHandler
                0x00000000080026b4                TIM20_UP_IRQHandler
                0x00000000080026b4                DMA1_Channel1_IRQHandler
                0x00000000080026b4                Default_Handler
                0x00000000080026b4                USBWakeUp_RMP_IRQHandler
                0x00000000080026b4                EXTI15_10_IRQHandler
                0x00000000080026b4                TIM7_IRQHandler
                0x00000000080026b4                I2C3_EV_IRQHandler
                0x00000000080026b4                EXTI9_5_IRQHandler
                0x00000000080026b4                RTC_WKUP_IRQHandler
                0x00000000080026b4                SPI2_IRQHandler
                0x00000000080026b4                USB_LP_CAN_RX0_IRQHandler
                0x00000000080026b4                DMA2_Channel5_IRQHandler
                0x00000000080026b4                DMA1_Channel5_IRQHandler
                0x00000000080026b4                USB_LP_IRQHandler
                0x00000000080026b4                EXTI4_IRQHandler
                0x00000000080026b4                TIM1_TRG_COM_TIM17_IRQHandler
                0x00000000080026b4                ADC4_IRQHandler
                0x00000000080026b4                WWDG_IRQHandler
                0x00000000080026b4                COMP7_IRQHandler
                0x00000000080026b4                COMP1_2_3_IRQHandler
                0x00000000080026b4                COMP4_5_6_IRQHandler
                0x00000000080026b4                TIM20_BRK_IRQHandler
                0x00000000080026b4                I2C2_ER_IRQHandler
                0x00000000080026b4                DMA1_Channel2_IRQHandler
                0x00000000080026b4                TIM8_BRK_IRQHandler
                0x00000000080026b4                FLASH_IRQHandler
                0x00000000080026b4                TIM20_CC_IRQHandler
                0x00000000080026b4                USART1_IRQHandler
                0x00000000080026b4                SPI3_IRQHandler
                0x00000000080026b4                I2C1_ER_IRQHandler
                0x00000000080026b4                FMC_IRQHandler
                0x00000000080026b4                USBWakeUp_IRQHandler
                0x00000000080026b4                DMA2_Channel3_IRQHandler
                0x00000000080026b4                EXTI2_TSC_IRQHandler
                0x00000000080026b4                TIM1_BRK_TIM15_IRQHandler
 *fill*         0x00000000080026b6        0x2 
 .text.HAL_Init
                0x00000000080026b8       0x2c Drivers/STM32F3xx_HAL_Driver/Src/stm32f3xx_hal.o
                0x00000000080026b8                HAL_Init
 .text.HAL_InitTick
                0x00000000080026e4       0x60 Drivers/STM32F3xx_HAL_Driver/Src/stm32f3xx_hal.o
                0x00000000080026e4                HAL_InitTick
 .text.HAL_IncTick
                0x0000000008002744       0x28 Drivers/STM32F3xx_HAL_Driver/Src/stm32f3xx_hal.o
                0x0000000008002744                HAL_IncTick
 .text.HAL_GetTick
                0x000000000800276c       0x18 Drivers/STM32F3xx_HAL_Driver/Src/stm32f3xx_hal.o
                0x000000000800276c                HAL_GetTick
 .text.HAL_Delay
                0x0000000008002784       0x44 Drivers/STM32F3xx_HAL_Driver/Src/stm32f3xx_hal.o
                0x0000000008002784                HAL_Delay
 .text.HAL_ADC_Init
                0x00000000080027c8      0x3f4 Drivers/STM32F3xx_HAL_Driver/Src/stm32f3xx_hal_adc_ex.o
                0x00000000080027c8                HAL_ADC_Init
 .text.HAL_ADC_Start
                0x0000000008002bbc      0x22c Drivers/STM32F3xx_HAL_Driver/Src/stm32f3xx_hal_adc_ex.o
                0x0000000008002bbc                HAL_ADC_Start
 .text.HAL_ADC_PollForConversion
                0x0000000008002de8      0x204 Drivers/STM32F3xx_HAL_Driver/Src/stm32f3xx_hal_adc_ex.o
                0x0000000008002de8                HAL_ADC_PollForConversion
 .text.HAL_ADC_GetValue
                0x0000000008002fec       0x1a Drivers/STM32F3xx_HAL_Driver/Src/stm32f3xx_hal_adc_ex.o
                0x0000000008002fec                HAL_ADC_GetValue
 *fill*         0x0000000008003006        0x2 
 .text.HAL_ADC_ConfigChannel
                0x0000000008003008      0x5d8 Drivers/STM32F3xx_HAL_Driver/Src/stm32f3xx_hal_adc_ex.o
                0x0000000008003008                HAL_ADC_ConfigChannel
 .text.HAL_ADCEx_MultiModeConfigChannel
                0x00000000080035e0      0x1e4 Drivers/STM32F3xx_HAL_Driver/Src/stm32f3xx_hal_adc_ex.o
                0x00000000080035e0                HAL_ADCEx_MultiModeConfigChannel
 .text.ADC_Enable
                0x00000000080037c4       0xc8 Drivers/STM32F3xx_HAL_Driver/Src/stm32f3xx_hal_adc_ex.o
 .text.ADC_Disable
                0x000000000800388c       0xcc Drivers/STM32F3xx_HAL_Driver/Src/stm32f3xx_hal_adc_ex.o
 .text.__NVIC_SetPriorityGrouping
                0x0000000008003958       0x48 Drivers/STM32F3xx_HAL_Driver/Src/stm32f3xx_hal_cortex.o
 .text.__NVIC_GetPriorityGrouping
                0x00000000080039a0       0x1c Drivers/STM32F3xx_HAL_Driver/Src/stm32f3xx_hal_cortex.o
 .text.__NVIC_EnableIRQ
                0x00000000080039bc       0x3c Drivers/STM32F3xx_HAL_Driver/Src/stm32f3xx_hal_cortex.o
 .text.__NVIC_SetPriority
                0x00000000080039f8       0x54 Drivers/STM32F3xx_HAL_Driver/Src/stm32f3xx_hal_cortex.o
 .text.NVIC_EncodePriority
                0x0000000008003a4c       0x66 Drivers/STM32F3xx_HAL_Driver/Src/stm32f3xx_hal_cortex.o
 *fill*         0x0000000008003ab2        0x2 
 .text.SysTick_Config
                0x0000000008003ab4       0x44 Drivers/STM32F3xx_HAL_Driver/Src/stm32f3xx_hal_cortex.o
 .text.HAL_NVIC_SetPriorityGrouping
                0x0000000008003af8       0x16 Drivers/STM32F3xx_HAL_Driver/Src/stm32f3xx_hal_cortex.o
                0x0000000008003af8                HAL_NVIC_SetPriorityGrouping
 .text.HAL_NVIC_SetPriority
                0x0000000008003b0e       0x38 Drivers/STM32F3xx_HAL_Driver/Src/stm32f3xx_hal_cortex.o
                0x0000000008003b0e                HAL_NVIC_SetPriority
 .text.HAL_NVIC_EnableIRQ
                0x0000000008003b46       0x1c Drivers/STM32F3xx_HAL_Driver/Src/stm32f3xx_hal_cortex.o
                0x0000000008003b46                HAL_NVIC_EnableIRQ
 .text.HAL_SYSTICK_Config
                0x0000000008003b62       0x18 Drivers/STM32F3xx_HAL_Driver/Src/stm32f3xx_hal_cortex.o
                0x0000000008003b62                HAL_SYSTICK_Config
 .text.HAL_DAC_Init
                0x0000000008003b7a       0x44 Drivers/STM32F3xx_HAL_Driver/Src/stm32f3xx_hal_dac.o
                0x0000000008003b7a                HAL_DAC_Init
 .text.HAL_DAC_ConfigChannel
                0x0000000008003bbe       0x9a Drivers/STM32F3xx_HAL_Driver/Src/stm32f3xx_hal_dac_ex.o
                0x0000000008003bbe                HAL_DAC_ConfigChannel
 .text.HAL_DMA_Init
                0x0000000008003c58       0x8e Drivers/STM32F3xx_HAL_Driver/Src/stm32f3xx_hal_dma.o
                0x0000000008003c58                HAL_DMA_Init
 .text.HAL_DMA_Abort
                0x0000000008003ce6       0x72 Drivers/STM32F3xx_HAL_Driver/Src/stm32f3xx_hal_dma.o
                0x0000000008003ce6                HAL_DMA_Abort
 .text.HAL_DMA_Abort_IT
                0x0000000008003d58       0x7c Drivers/STM32F3xx_HAL_Driver/Src/stm32f3xx_hal_dma.o
                0x0000000008003d58                HAL_DMA_Abort_IT
 .text.HAL_DMA_IRQHandler
                0x0000000008003dd4      0x146 Drivers/STM32F3xx_HAL_Driver/Src/stm32f3xx_hal_dma.o
                0x0000000008003dd4                HAL_DMA_IRQHandler
 *fill*         0x0000000008003f1a        0x2 
 .text.DMA_CalcBaseAndBitshift
                0x0000000008003f1c       0x78 Drivers/STM32F3xx_HAL_Driver/Src/stm32f3xx_hal_dma.o
 .text.HAL_GPIO_Init
                0x0000000008003f94      0x314 Drivers/STM32F3xx_HAL_Driver/Src/stm32f3xx_hal_gpio.o
                0x0000000008003f94                HAL_GPIO_Init
 .text.HAL_GPIO_WritePin
                0x00000000080042a8       0x30 Drivers/STM32F3xx_HAL_Driver/Src/stm32f3xx_hal_gpio.o
                0x00000000080042a8                HAL_GPIO_WritePin
 .text.HAL_GPIO_EXTI_IRQHandler
                0x00000000080042d8       0x30 Drivers/STM32F3xx_HAL_Driver/Src/stm32f3xx_hal_gpio.o
                0x00000000080042d8                HAL_GPIO_EXTI_IRQHandler
 .text.HAL_RCC_OscConfig
                0x0000000008004308      0xe2c Drivers/STM32F3xx_HAL_Driver/Src/stm32f3xx_hal_rcc.o
                0x0000000008004308                HAL_RCC_OscConfig
 .text.HAL_RCC_ClockConfig
                0x0000000008005134      0x2f8 Drivers/STM32F3xx_HAL_Driver/Src/stm32f3xx_hal_rcc.o
                0x0000000008005134                HAL_RCC_ClockConfig
 .text.HAL_RCC_GetSysClockFreq
                0x000000000800542c       0xd4 Drivers/STM32F3xx_HAL_Driver/Src/stm32f3xx_hal_rcc.o
                0x000000000800542c                HAL_RCC_GetSysClockFreq
 .text.HAL_RCC_GetHCLKFreq
                0x0000000008005500       0x18 Drivers/STM32F3xx_HAL_Driver/Src/stm32f3xx_hal_rcc.o
                0x0000000008005500                HAL_RCC_GetHCLKFreq
 .text.HAL_RCC_GetPCLK1Freq
                0x0000000008005518       0x44 Drivers/STM32F3xx_HAL_Driver/Src/stm32f3xx_hal_rcc.o
                0x0000000008005518                HAL_RCC_GetPCLK1Freq
 .text.HAL_RCC_GetPCLK2Freq
                0x000000000800555c       0x44 Drivers/STM32F3xx_HAL_Driver/Src/stm32f3xx_hal_rcc.o
                0x000000000800555c                HAL_RCC_GetPCLK2Freq
 .text.HAL_RCCEx_PeriphCLKConfig
                0x00000000080055a0      0x43c Drivers/STM32F3xx_HAL_Driver/Src/stm32f3xx_hal_rcc_ex.o
                0x00000000080055a0                HAL_RCCEx_PeriphCLKConfig
 .text.HAL_TIM_Base_Init
                0x00000000080059dc       0xae Drivers/STM32F3xx_HAL_Driver/Src/stm32f3xx_hal_tim.o
                0x00000000080059dc                HAL_TIM_Base_Init
 *fill*         0x0000000008005a8a        0x2 
 .text.HAL_TIM_Base_Start_IT
                0x0000000008005a8c       0xe0 Drivers/STM32F3xx_HAL_Driver/Src/stm32f3xx_hal_tim.o
                0x0000000008005a8c                HAL_TIM_Base_Start_IT
 .text.HAL_TIM_Base_Stop_IT
                0x0000000008005b6c       0x5e Drivers/STM32F3xx_HAL_Driver/Src/stm32f3xx_hal_tim.o
                0x0000000008005b6c                HAL_TIM_Base_Stop_IT
 .text.HAL_TIM_OC_Init
                0x0000000008005bca       0xae Drivers/STM32F3xx_HAL_Driver/Src/stm32f3xx_hal_tim.o
                0x0000000008005bca                HAL_TIM_OC_Init
 .text.HAL_TIM_OC_MspInit
                0x0000000008005c78       0x14 Drivers/STM32F3xx_HAL_Driver/Src/stm32f3xx_hal_tim.o
                0x0000000008005c78                HAL_TIM_OC_MspInit
 .text.HAL_TIM_IRQHandler
                0x0000000008005c8c      0x23e Drivers/STM32F3xx_HAL_Driver/Src/stm32f3xx_hal_tim.o
                0x0000000008005c8c                HAL_TIM_IRQHandler
 *fill*         0x0000000008005eca        0x2 
 .text.HAL_TIM_OC_ConfigChannel
                0x0000000008005ecc       0xf4 Drivers/STM32F3xx_HAL_Driver/Src/stm32f3xx_hal_tim.o
                0x0000000008005ecc                HAL_TIM_OC_ConfigChannel
 .text.HAL_TIM_ConfigClockSource
                0x0000000008005fc0      0x17c Drivers/STM32F3xx_HAL_Driver/Src/stm32f3xx_hal_tim.o
                0x0000000008005fc0                HAL_TIM_ConfigClockSource
 .text.HAL_TIM_OC_DelayElapsedCallback
                0x000000000800613c       0x14 Drivers/STM32F3xx_HAL_Driver/Src/stm32f3xx_hal_tim.o
                0x000000000800613c                HAL_TIM_OC_DelayElapsedCallback
 .text.HAL_TIM_IC_CaptureCallback
                0x0000000008006150       0x14 Drivers/STM32F3xx_HAL_Driver/Src/stm32f3xx_hal_tim.o
                0x0000000008006150                HAL_TIM_IC_CaptureCallback
 .text.HAL_TIM_PWM_PulseFinishedCallback
                0x0000000008006164       0x14 Drivers/STM32F3xx_HAL_Driver/Src/stm32f3xx_hal_tim.o
                0x0000000008006164                HAL_TIM_PWM_PulseFinishedCallback
 .text.HAL_TIM_TriggerCallback
                0x0000000008006178       0x14 Drivers/STM32F3xx_HAL_Driver/Src/stm32f3xx_hal_tim.o
                0x0000000008006178                HAL_TIM_TriggerCallback
 .text.TIM_Base_SetConfig
                0x000000000800618c      0x13c Drivers/STM32F3xx_HAL_Driver/Src/stm32f3xx_hal_tim.o
                0x000000000800618c                TIM_Base_SetConfig
 .text.TIM_OC1_SetConfig
                0x00000000080062c8      0x134 Drivers/STM32F3xx_HAL_Driver/Src/stm32f3xx_hal_tim.o
 .text.TIM_OC2_SetConfig
                0x00000000080063fc      0x128 Drivers/STM32F3xx_HAL_Driver/Src/stm32f3xx_hal_tim.o
                0x00000000080063fc                TIM_OC2_SetConfig
 .text.TIM_OC3_SetConfig
                0x0000000008006524      0x124 Drivers/STM32F3xx_HAL_Driver/Src/stm32f3xx_hal_tim.o
 .text.TIM_OC4_SetConfig
                0x0000000008006648       0xe0 Drivers/STM32F3xx_HAL_Driver/Src/stm32f3xx_hal_tim.o
 .text.TIM_OC5_SetConfig
                0x0000000008006728       0xd4 Drivers/STM32F3xx_HAL_Driver/Src/stm32f3xx_hal_tim.o
 .text.TIM_OC6_SetConfig
                0x00000000080067fc       0xd8 Drivers/STM32F3xx_HAL_Driver/Src/stm32f3xx_hal_tim.o
 .text.TIM_TI1_ConfigInputStage
                0x00000000080068d4       0x5e Drivers/STM32F3xx_HAL_Driver/Src/stm32f3xx_hal_tim.o
 .text.TIM_TI2_ConfigInputStage
                0x0000000008006932       0x60 Drivers/STM32F3xx_HAL_Driver/Src/stm32f3xx_hal_tim.o
 .text.TIM_ITRx_SetConfig
                0x0000000008006992       0x36 Drivers/STM32F3xx_HAL_Driver/Src/stm32f3xx_hal_tim.o
 .text.TIM_ETR_SetConfig
                0x00000000080069c8       0x40 Drivers/STM32F3xx_HAL_Driver/Src/stm32f3xx_hal_tim.o
                0x00000000080069c8                TIM_ETR_SetConfig
 .text.HAL_TIMEx_MasterConfigSynchronization
                0x0000000008006a08      0x118 Drivers/STM32F3xx_HAL_Driver/Src/stm32f3xx_hal_tim_ex.o
                0x0000000008006a08                HAL_TIMEx_MasterConfigSynchronization
 .text.HAL_TIMEx_CommutCallback
                0x0000000008006b20       0x14 Drivers/STM32F3xx_HAL_Driver/Src/stm32f3xx_hal_tim_ex.o
                0x0000000008006b20                HAL_TIMEx_CommutCallback
 .text.HAL_TIMEx_BreakCallback
                0x0000000008006b34       0x14 Drivers/STM32F3xx_HAL_Driver/Src/stm32f3xx_hal_tim_ex.o
                0x0000000008006b34                HAL_TIMEx_BreakCallback
 .text.HAL_TIMEx_Break2Callback
                0x0000000008006b48       0x14 Drivers/STM32F3xx_HAL_Driver/Src/stm32f3xx_hal_tim_ex.o
                0x0000000008006b48                HAL_TIMEx_Break2Callback
 .text.HAL_UART_Init
                0x0000000008006b5c       0x9c Drivers/STM32F3xx_HAL_Driver/Src/stm32f3xx_hal_uart.o
                0x0000000008006b5c                HAL_UART_Init
 .text.HAL_UART_Transmit
                0x0000000008006bf8      0x128 Drivers/STM32F3xx_HAL_Driver/Src/stm32f3xx_hal_uart.o
                0x0000000008006bf8                HAL_UART_Transmit
 .text.HAL_UART_Receive_IT
                0x0000000008006d20       0x9c Drivers/STM32F3xx_HAL_Driver/Src/stm32f3xx_hal_uart.o
                0x0000000008006d20                HAL_UART_Receive_IT
 .text.HAL_UART_IRQHandler
                0x0000000008006dbc      0x5c0 Drivers/STM32F3xx_HAL_Driver/Src/stm32f3xx_hal_uart.o
                0x0000000008006dbc                HAL_UART_IRQHandler
 .text.HAL_UART_TxCpltCallback
                0x000000000800737c       0x14 Drivers/STM32F3xx_HAL_Driver/Src/stm32f3xx_hal_uart.o
                0x000000000800737c                HAL_UART_TxCpltCallback
 .text.HAL_UART_ErrorCallback
                0x0000000008007390       0x14 Drivers/STM32F3xx_HAL_Driver/Src/stm32f3xx_hal_uart.o
                0x0000000008007390                HAL_UART_ErrorCallback
 .text.HAL_UARTEx_RxEventCallback
                0x00000000080073a4       0x18 Drivers/STM32F3xx_HAL_Driver/Src/stm32f3xx_hal_uart.o
                0x00000000080073a4                HAL_UARTEx_RxEventCallback
 .text.UART_SetConfig
                0x00000000080073bc      0x3a8 Drivers/STM32F3xx_HAL_Driver/Src/stm32f3xx_hal_uart.o
                0x00000000080073bc                UART_SetConfig
 .text.UART_AdvFeatureConfig
                0x0000000008007764      0x144 Drivers/STM32F3xx_HAL_Driver/Src/stm32f3xx_hal_uart.o
                0x0000000008007764                UART_AdvFeatureConfig
 .text.UART_CheckIdleState
                0x00000000080078a8       0x92 Drivers/STM32F3xx_HAL_Driver/Src/stm32f3xx_hal_uart.o
                0x00000000080078a8                UART_CheckIdleState
 .text.UART_WaitOnFlagUntilTimeout
                0x000000000800793a      0x188 Drivers/STM32F3xx_HAL_Driver/Src/stm32f3xx_hal_uart.o
                0x000000000800793a                UART_WaitOnFlagUntilTimeout
 *fill*         0x0000000008007ac2        0x2 
 .text.UART_Start_Receive_IT
                0x0000000008007ac4      0x158 Drivers/STM32F3xx_HAL_Driver/Src/stm32f3xx_hal_uart.o
                0x0000000008007ac4                UART_Start_Receive_IT
 .text.UART_EndRxTransfer
                0x0000000008007c1c       0xc6 Drivers/STM32F3xx_HAL_Driver/Src/stm32f3xx_hal_uart.o
 .text.UART_DMAAbortOnError
                0x0000000008007ce2       0x2c Drivers/STM32F3xx_HAL_Driver/Src/stm32f3xx_hal_uart.o
 .text.UART_EndTransmit_IT
                0x0000000008007d0e       0x54 Drivers/STM32F3xx_HAL_Driver/Src/stm32f3xx_hal_uart.o
 .text.UART_RxISR_8BIT
                0x0000000008007d62      0x15c Drivers/STM32F3xx_HAL_Driver/Src/stm32f3xx_hal_uart.o
 .text.UART_RxISR_16BIT
                0x0000000008007ebe      0x15c Drivers/STM32F3xx_HAL_Driver/Src/stm32f3xx_hal_uart.o
 .text.HAL_UARTEx_WakeupCallback
                0x000000000800801a       0x14 Drivers/STM32F3xx_HAL_Driver/Src/stm32f3xx_hal_uart_ex.o
                0x000000000800801a                HAL_UARTEx_WakeupCallback
 .text.atoi     0x000000000800802e        0x8 c:/st/stm32cubeide_1.3.0/stm32cubeide/plugins/com.st.stm32cube.ide.mcu.externaltools.gnu-tools-for-stm32.7-2018-q2-update.win32_1.0.0.201904181610/tools/bin/../lib/gcc/arm-none-eabi/7.3.1/../../../../arm-none-eabi/lib/thumb/v7e-m/fpv4-sp/hard\libc_nano.a(lib_a-atoi.o)
                0x000000000800802e                atoi
 *fill*         0x0000000008008036        0x2 
 .text.__errno  0x0000000008008038        0xc c:/st/stm32cubeide_1.3.0/stm32cubeide/plugins/com.st.stm32cube.ide.mcu.externaltools.gnu-tools-for-stm32.7-2018-q2-update.win32_1.0.0.201904181610/tools/bin/../lib/gcc/arm-none-eabi/7.3.1/../../../../arm-none-eabi/lib/thumb/v7e-m/fpv4-sp/hard\libc_nano.a(lib_a-errno.o)
                0x0000000008008038                __errno
 .text.__libc_init_array
                0x0000000008008044       0x48 c:/st/stm32cubeide_1.3.0/stm32cubeide/plugins/com.st.stm32cube.ide.mcu.externaltools.gnu-tools-for-stm32.7-2018-q2-update.win32_1.0.0.201904181610/tools/bin/../lib/gcc/arm-none-eabi/7.3.1/../../../../arm-none-eabi/lib/thumb/v7e-m/fpv4-sp/hard\libc_nano.a(lib_a-init.o)
                0x0000000008008044                __libc_init_array
 .text.memset   0x000000000800808c       0x10 c:/st/stm32cubeide_1.3.0/stm32cubeide/plugins/com.st.stm32cube.ide.mcu.externaltools.gnu-tools-for-stm32.7-2018-q2-update.win32_1.0.0.201904181610/tools/bin/../lib/gcc/arm-none-eabi/7.3.1/../../../../arm-none-eabi/lib/thumb/v7e-m/fpv4-sp/hard\libc_nano.a(lib_a-memset.o)
                0x000000000800808c                memset
 .text.snprintf
                0x000000000800809c       0x68 c:/st/stm32cubeide_1.3.0/stm32cubeide/plugins/com.st.stm32cube.ide.mcu.externaltools.gnu-tools-for-stm32.7-2018-q2-update.win32_1.0.0.201904181610/tools/bin/../lib/gcc/arm-none-eabi/7.3.1/../../../../arm-none-eabi/lib/thumb/v7e-m/fpv4-sp/hard\libc_nano.a(lib_a-snprintf.o)
                0x000000000800809c                sniprintf
                0x000000000800809c                snprintf
 .text.sprintf  0x0000000008008104       0x40 c:/st/stm32cubeide_1.3.0/stm32cubeide/plugins/com.st.stm32cube.ide.mcu.externaltools.gnu-tools-for-stm32.7-2018-q2-update.win32_1.0.0.201904181610/tools/bin/../lib/gcc/arm-none-eabi/7.3.1/../../../../arm-none-eabi/lib/thumb/v7e-m/fpv4-sp/hard\libc_nano.a(lib_a-sprintf.o)
                0x0000000008008104                siprintf
                0x0000000008008104                sprintf
 .text.strncpy  0x0000000008008144       0x2a c:/st/stm32cubeide_1.3.0/stm32cubeide/plugins/com.st.stm32cube.ide.mcu.externaltools.gnu-tools-for-stm32.7-2018-q2-update.win32_1.0.0.201904181610/tools/bin/../lib/gcc/arm-none-eabi/7.3.1/../../../../arm-none-eabi/lib/thumb/v7e-m/fpv4-sp/hard\libc_nano.a(lib_a-strncpy.o)
                0x0000000008008144                strncpy
 .text._strtol_l.isra.0
                0x000000000800816e       0xf6 c:/st/stm32cubeide_1.3.0/stm32cubeide/plugins/com.st.stm32cube.ide.mcu.externaltools.gnu-tools-for-stm32.7-2018-q2-update.win32_1.0.0.201904181610/tools/bin/../lib/gcc/arm-none-eabi/7.3.1/../../../../arm-none-eabi/lib/thumb/v7e-m/fpv4-sp/hard\libc_nano.a(lib_a-strtol.o)
 .text.strtol   0x0000000008008264       0x2c c:/st/stm32cubeide_1.3.0/stm32cubeide/plugins/com.st.stm32cube.ide.mcu.externaltools.gnu-tools-for-stm32.7-2018-q2-update.win32_1.0.0.201904181610/tools/bin/../lib/gcc/arm-none-eabi/7.3.1/../../../../arm-none-eabi/lib/thumb/v7e-m/fpv4-sp/hard\libc_nano.a(lib_a-strtol.o)
                0x0000000008008264                strtol
 .text.__locale_ctype_ptr_l
                0x0000000008008290        0x6 c:/st/stm32cubeide_1.3.0/stm32cubeide/plugins/com.st.stm32cube.ide.mcu.externaltools.gnu-tools-for-stm32.7-2018-q2-update.win32_1.0.0.201904181610/tools/bin/../lib/gcc/arm-none-eabi/7.3.1/../../../../arm-none-eabi/lib/thumb/v7e-m/fpv4-sp/hard\libc_nano.a(lib_a-locale.o)
                0x0000000008008290                __locale_ctype_ptr_l
 .text.__ascii_mbtowc
                0x0000000008008296       0x24 c:/st/stm32cubeide_1.3.0/stm32cubeide/plugins/com.st.stm32cube.ide.mcu.externaltools.gnu-tools-for-stm32.7-2018-q2-update.win32_1.0.0.201904181610/tools/bin/../lib/gcc/arm-none-eabi/7.3.1/../../../../arm-none-eabi/lib/thumb/v7e-m/fpv4-sp/hard\libc_nano.a(lib_a-mbtowc_r.o)
                0x0000000008008296                __ascii_mbtowc
 .text.__ssputs_r
                0x00000000080082ba       0xb4 c:/st/stm32cubeide_1.3.0/stm32cubeide/plugins/com.st.stm32cube.ide.mcu.externaltools.gnu-tools-for-stm32.7-2018-q2-update.win32_1.0.0.201904181610/tools/bin/../lib/gcc/arm-none-eabi/7.3.1/../../../../arm-none-eabi/lib/thumb/v7e-m/fpv4-sp/hard\libc_nano.a(lib_a-nano-svfprintf.o)
                0x00000000080082ba                __ssputs_r
 *fill*         0x000000000800836e        0x2 
 .text._svfprintf_r
                0x0000000008008370      0x1f0 c:/st/stm32cubeide_1.3.0/stm32cubeide/plugins/com.st.stm32cube.ide.mcu.externaltools.gnu-tools-for-stm32.7-2018-q2-update.win32_1.0.0.201904181610/tools/bin/../lib/gcc/arm-none-eabi/7.3.1/../../../../arm-none-eabi/lib/thumb/v7e-m/fpv4-sp/hard\libc_nano.a(lib_a-nano-svfprintf.o)
                0x0000000008008370                _svfiprintf_r
                0x0000000008008370                _svfprintf_r
 .text._printf_common
                0x0000000008008560       0xea c:/st/stm32cubeide_1.3.0/stm32cubeide/plugins/com.st.stm32cube.ide.mcu.externaltools.gnu-tools-for-stm32.7-2018-q2-update.win32_1.0.0.201904181610/tools/bin/../lib/gcc/arm-none-eabi/7.3.1/../../../../arm-none-eabi/lib/thumb/v7e-m/fpv4-sp/hard\libc_nano.a(lib_a-nano-vfprintf_i.o)
                0x0000000008008560                _printf_common
 *fill*         0x000000000800864a        0x2 
 .text._printf_i
                0x000000000800864c      0x224 c:/st/stm32cubeide_1.3.0/stm32cubeide/plugins/com.st.stm32cube.ide.mcu.externaltools.gnu-tools-for-stm32.7-2018-q2-update.win32_1.0.0.201904181610/tools/bin/../lib/gcc/arm-none-eabi/7.3.1/../../../../arm-none-eabi/lib/thumb/v7e-m/fpv4-sp/hard\libc_nano.a(lib_a-nano-vfprintf_i.o)
                0x000000000800864c                _printf_i
 .text.__ascii_wctomb
                0x0000000008008870       0x1a c:/st/stm32cubeide_1.3.0/stm32cubeide/plugins/com.st.stm32cube.ide.mcu.externaltools.gnu-tools-for-stm32.7-2018-q2-update.win32_1.0.0.201904181610/tools/bin/../lib/gcc/arm-none-eabi/7.3.1/../../../../arm-none-eabi/lib/thumb/v7e-m/fpv4-sp/hard\libc_nano.a(lib_a-wctomb_r.o)
                0x0000000008008870                __ascii_wctomb
 .text.memcpy   0x000000000800888a       0x16 c:/st/stm32cubeide_1.3.0/stm32cubeide/plugins/com.st.stm32cube.ide.mcu.externaltools.gnu-tools-for-stm32.7-2018-q2-update.win32_1.0.0.201904181610/tools/bin/../lib/gcc/arm-none-eabi/7.3.1/../../../../arm-none-eabi/lib/thumb/v7e-m/fpv4-sp/hard\libc_nano.a(lib_a-memcpy-stub.o)
                0x000000000800888a                memcpy
 .text.memmove  0x00000000080088a0       0x32 c:/st/stm32cubeide_1.3.0/stm32cubeide/plugins/com.st.stm32cube.ide.mcu.externaltools.gnu-tools-for-stm32.7-2018-q2-update.win32_1.0.0.201904181610/tools/bin/../lib/gcc/arm-none-eabi/7.3.1/../../../../arm-none-eabi/lib/thumb/v7e-m/fpv4-sp/hard\libc_nano.a(lib_a-memmove.o)
                0x00000000080088a0                memmove
 *fill*         0x00000000080088d2        0x2 
 .text._free_r  0x00000000080088d4       0x9c c:/st/stm32cubeide_1.3.0/stm32cubeide/plugins/com.st.stm32cube.ide.mcu.externaltools.gnu-tools-for-stm32.7-2018-q2-update.win32_1.0.0.201904181610/tools/bin/../lib/gcc/arm-none-eabi/7.3.1/../../../../arm-none-eabi/lib/thumb/v7e-m/fpv4-sp/hard\libc_nano.a(lib_a-nano-freer.o)
                0x00000000080088d4                _free_r
 .text._malloc_r
                0x0000000008008970       0xb4 c:/st/stm32cubeide_1.3.0/stm32cubeide/plugins/com.st.stm32cube.ide.mcu.externaltools.gnu-tools-for-stm32.7-2018-q2-update.win32_1.0.0.201904181610/tools/bin/../lib/gcc/arm-none-eabi/7.3.1/../../../../arm-none-eabi/lib/thumb/v7e-m/fpv4-sp/hard\libc_nano.a(lib_a-nano-mallocr.o)
                0x0000000008008970                _malloc_r
 .text._realloc_r
                0x0000000008008a24       0x4c c:/st/stm32cubeide_1.3.0/stm32cubeide/plugins/com.st.stm32cube.ide.mcu.externaltools.gnu-tools-for-stm32.7-2018-q2-update.win32_1.0.0.201904181610/tools/bin/../lib/gcc/arm-none-eabi/7.3.1/../../../../arm-none-eabi/lib/thumb/v7e-m/fpv4-sp/hard\libc_nano.a(lib_a-nano-reallocr.o)
                0x0000000008008a24                _realloc_r
 .text._sbrk_r  0x0000000008008a70       0x20 c:/st/stm32cubeide_1.3.0/stm32cubeide/plugins/com.st.stm32cube.ide.mcu.externaltools.gnu-tools-for-stm32.7-2018-q2-update.win32_1.0.0.201904181610/tools/bin/../lib/gcc/arm-none-eabi/7.3.1/../../../../arm-none-eabi/lib/thumb/v7e-m/fpv4-sp/hard\libc_nano.a(lib_a-sbrkr.o)
                0x0000000008008a70                _sbrk_r
 .text.__malloc_lock
                0x0000000008008a90        0x2 c:/st/stm32cubeide_1.3.0/stm32cubeide/plugins/com.st.stm32cube.ide.mcu.externaltools.gnu-tools-for-stm32.7-2018-q2-update.win32_1.0.0.201904181610/tools/bin/../lib/gcc/arm-none-eabi/7.3.1/../../../../arm-none-eabi/lib/thumb/v7e-m/fpv4-sp/hard\libc_nano.a(lib_a-mlock.o)
                0x0000000008008a90                __malloc_lock
 .text.__malloc_unlock
                0x0000000008008a92        0x2 c:/st/stm32cubeide_1.3.0/stm32cubeide/plugins/com.st.stm32cube.ide.mcu.externaltools.gnu-tools-for-stm32.7-2018-q2-update.win32_1.0.0.201904181610/tools/bin/../lib/gcc/arm-none-eabi/7.3.1/../../../../arm-none-eabi/lib/thumb/v7e-m/fpv4-sp/hard\libc_nano.a(lib_a-mlock.o)
                0x0000000008008a92                __malloc_unlock
 .text._malloc_usable_size_r
                0x0000000008008a94       0x10 c:/st/stm32cubeide_1.3.0/stm32cubeide/plugins/com.st.stm32cube.ide.mcu.externaltools.gnu-tools-for-stm32.7-2018-q2-update.win32_1.0.0.201904181610/tools/bin/../lib/gcc/arm-none-eabi/7.3.1/../../../../arm-none-eabi/lib/thumb/v7e-m/fpv4-sp/hard\libc_nano.a(lib_a-nano-msizer.o)
                0x0000000008008a94                _malloc_usable_size_r
 *(.glue_7)
 .glue_7        0x0000000008008aa4        0x0 linker stubs
 *(.glue_7t)
 .glue_7t       0x0000000008008aa4        0x0 linker stubs
 *(.eh_frame)
 .eh_frame      0x0000000008008aa4        0x0 c:/st/stm32cubeide_1.3.0/stm32cubeide/plugins/com.st.stm32cube.ide.mcu.externaltools.gnu-tools-for-stm32.7-2018-q2-update.win32_1.0.0.201904181610/tools/bin/../lib/gcc/arm-none-eabi/7.3.1/thumb/v7e-m/fpv4-sp/hard/crtbegin.o
 *(.init)
 .init          0x0000000008008aa4        0x4 c:/st/stm32cubeide_1.3.0/stm32cubeide/plugins/com.st.stm32cube.ide.mcu.externaltools.gnu-tools-for-stm32.7-2018-q2-update.win32_1.0.0.201904181610/tools/bin/../lib/gcc/arm-none-eabi/7.3.1/thumb/v7e-m/fpv4-sp/hard/crti.o
                0x0000000008008aa4                _init
 .init          0x0000000008008aa8        0x8 c:/st/stm32cubeide_1.3.0/stm32cubeide/plugins/com.st.stm32cube.ide.mcu.externaltools.gnu-tools-for-stm32.7-2018-q2-update.win32_1.0.0.201904181610/tools/bin/../lib/gcc/arm-none-eabi/7.3.1/thumb/v7e-m/fpv4-sp/hard/crtn.o
 *(.fini)
 .fini          0x0000000008008ab0        0x4 c:/st/stm32cubeide_1.3.0/stm32cubeide/plugins/com.st.stm32cube.ide.mcu.externaltools.gnu-tools-for-stm32.7-2018-q2-update.win32_1.0.0.201904181610/tools/bin/../lib/gcc/arm-none-eabi/7.3.1/thumb/v7e-m/fpv4-sp/hard/crti.o
                0x0000000008008ab0                _fini
 .fini          0x0000000008008ab4        0x8 c:/st/stm32cubeide_1.3.0/stm32cubeide/plugins/com.st.stm32cube.ide.mcu.externaltools.gnu-tools-for-stm32.7-2018-q2-update.win32_1.0.0.201904181610/tools/bin/../lib/gcc/arm-none-eabi/7.3.1/thumb/v7e-m/fpv4-sp/hard/crtn.o
                0x0000000008008abc                . = ALIGN (0x4)
                0x0000000008008abc                _etext = .

.vfp11_veneer   0x0000000008008abc        0x0
 .vfp11_veneer  0x0000000008008abc        0x0 linker stubs

.v4_bx          0x0000000008008abc        0x0
 .v4_bx         0x0000000008008abc        0x0 linker stubs

.iplt           0x0000000008008abc        0x0
 .iplt          0x0000000008008abc        0x0 c:/st/stm32cubeide_1.3.0/stm32cubeide/plugins/com.st.stm32cube.ide.mcu.externaltools.gnu-tools-for-stm32.7-2018-q2-update.win32_1.0.0.201904181610/tools/bin/../lib/gcc/arm-none-eabi/7.3.1/thumb/v7e-m/fpv4-sp/hard/crtbegin.o

.rodata         0x0000000008008abc      0x2ac
                0x0000000008008abc                . = ALIGN (0x4)
 *(.rodata)
 .rodata        0x0000000008008abc       0x1f Core/Src/main.o
 *fill*         0x0000000008008adb        0x1 
 .rodata        0x0000000008008adc       0x22 Core/Src/stateManagement.o
 *fill*         0x0000000008008afe        0x2 
 .rodata        0x0000000008008b00       0xef Core/Src/uart_handler.o
 *(.rodata*)
 *fill*         0x0000000008008bef        0x1 
 .rodata.AHBPrescTable
                0x0000000008008bf0       0x10 Core/Src/system_stm32f3xx.o
                0x0000000008008bf0                AHBPrescTable
 .rodata.APBPrescTable
                0x0000000008008c00        0x8 Core/Src/system_stm32f3xx.o
                0x0000000008008c00                APBPrescTable
 .rodata.aPLLMULFactorTable
                0x0000000008008c08       0x10 Drivers/STM32F3xx_HAL_Driver/Src/stm32f3xx_hal_rcc.o
                0x0000000008008c08                aPLLMULFactorTable
 .rodata.aPredivFactorTable
                0x0000000008008c18       0x10 Drivers/STM32F3xx_HAL_Driver/Src/stm32f3xx_hal_rcc.o
                0x0000000008008c18                aPredivFactorTable
 .rodata._setlocale_r.str1.1
                0x0000000008008c28        0x8 c:/st/stm32cubeide_1.3.0/stm32cubeide/plugins/com.st.stm32cube.ide.mcu.externaltools.gnu-tools-for-stm32.7-2018-q2-update.win32_1.0.0.201904181610/tools/bin/../lib/gcc/arm-none-eabi/7.3.1/../../../../arm-none-eabi/lib/thumb/v7e-m/fpv4-sp/hard\libc_nano.a(lib_a-locale.o)
                                          0x9 (size before relaxing)
 .rodata.str1.1
                0x0000000008008c30        0x2 c:/st/stm32cubeide_1.3.0/stm32cubeide/plugins/com.st.stm32cube.ide.mcu.externaltools.gnu-tools-for-stm32.7-2018-q2-update.win32_1.0.0.201904181610/tools/bin/../lib/gcc/arm-none-eabi/7.3.1/../../../../arm-none-eabi/lib/thumb/v7e-m/fpv4-sp/hard\libc_nano.a(lib_a-locale.o)
 .rodata._svfprintf_r.str1.1
                0x0000000008008c32       0x11 c:/st/stm32cubeide_1.3.0/stm32cubeide/plugins/com.st.stm32cube.ide.mcu.externaltools.gnu-tools-for-stm32.7-2018-q2-update.win32_1.0.0.201904181610/tools/bin/../lib/gcc/arm-none-eabi/7.3.1/../../../../arm-none-eabi/lib/thumb/v7e-m/fpv4-sp/hard\libc_nano.a(lib_a-nano-svfprintf.o)
 .rodata._printf_i.str1.1
                0x0000000008008c43       0x22 c:/st/stm32cubeide_1.3.0/stm32cubeide/plugins/com.st.stm32cube.ide.mcu.externaltools.gnu-tools-for-stm32.7-2018-q2-update.win32_1.0.0.201904181610/tools/bin/../lib/gcc/arm-none-eabi/7.3.1/../../../../arm-none-eabi/lib/thumb/v7e-m/fpv4-sp/hard\libc_nano.a(lib_a-nano-vfprintf_i.o)
 .rodata._ctype_
                0x0000000008008c65      0x101 c:/st/stm32cubeide_1.3.0/stm32cubeide/plugins/com.st.stm32cube.ide.mcu.externaltools.gnu-tools-for-stm32.7-2018-q2-update.win32_1.0.0.201904181610/tools/bin/../lib/gcc/arm-none-eabi/7.3.1/../../../../arm-none-eabi/lib/thumb/v7e-m/fpv4-sp/hard\libc_nano.a(lib_a-ctype_.o)
                0x0000000008008c65                _ctype_
                0x0000000008008d68                . = ALIGN (0x4)
 *fill*         0x0000000008008d66        0x2 

.rel.dyn        0x0000000008008d68        0x0
 .rel.iplt      0x0000000008008d68        0x0 c:/st/stm32cubeide_1.3.0/stm32cubeide/plugins/com.st.stm32cube.ide.mcu.externaltools.gnu-tools-for-stm32.7-2018-q2-update.win32_1.0.0.201904181610/tools/bin/../lib/gcc/arm-none-eabi/7.3.1/thumb/v7e-m/fpv4-sp/hard/crtbegin.o

.ARM.extab      0x0000000008008d68        0x0
                0x0000000008008d68                . = ALIGN (0x4)
 *(.ARM.extab* .gnu.linkonce.armextab.*)
                0x0000000008008d68                . = ALIGN (0x4)

.ARM            0x0000000008008d68        0x0
                0x0000000008008d68                . = ALIGN (0x4)
                0x0000000008008d68                __exidx_start = .
 *(.ARM.exidx*)
                0x0000000008008d68                __exidx_end = .
                0x0000000008008d68                . = ALIGN (0x4)

.preinit_array  0x0000000008008d68        0x0
                0x0000000008008d68                . = ALIGN (0x4)
                0x0000000008008d68                PROVIDE (__preinit_array_start = .)
 *(.preinit_array*)
                0x0000000008008d68                PROVIDE (__preinit_array_end = .)
                0x0000000008008d68                . = ALIGN (0x4)

.init_array     0x0000000008008d68        0x4
                0x0000000008008d68                . = ALIGN (0x4)
                0x0000000008008d68                PROVIDE (__init_array_start = .)
 *(SORT_BY_NAME(.init_array.*))
 *(.init_array*)
 .init_array    0x0000000008008d68        0x4 c:/st/stm32cubeide_1.3.0/stm32cubeide/plugins/com.st.stm32cube.ide.mcu.externaltools.gnu-tools-for-stm32.7-2018-q2-update.win32_1.0.0.201904181610/tools/bin/../lib/gcc/arm-none-eabi/7.3.1/thumb/v7e-m/fpv4-sp/hard/crtbegin.o
                0x0000000008008d6c                PROVIDE (__init_array_end = .)
                0x0000000008008d6c                . = ALIGN (0x4)

.fini_array     0x0000000008008d6c        0x4
                0x0000000008008d6c                . = ALIGN (0x4)
                [!provide]                        PROVIDE (__fini_array_start = .)
 *(SORT_BY_NAME(.fini_array.*))
 *(.fini_array*)
 .fini_array    0x0000000008008d6c        0x4 c:/st/stm32cubeide_1.3.0/stm32cubeide/plugins/com.st.stm32cube.ide.mcu.externaltools.gnu-tools-for-stm32.7-2018-q2-update.win32_1.0.0.201904181610/tools/bin/../lib/gcc/arm-none-eabi/7.3.1/thumb/v7e-m/fpv4-sp/hard/crtbegin.o
                [!provide]                        PROVIDE (__fini_array_end = .)
                0x0000000008008d70                . = ALIGN (0x4)
                0x0000000008008d70                _sidata = LOADADDR (.data)

.data           0x0000000020000000      0x1e4 load address 0x0000000008008d70
                0x0000000020000000                . = ALIGN (0x4)
                0x0000000020000000                _sdata = .
 *(.data)
 *(.data*)
 .data.buttonState
                0x0000000020000000        0x1 Core/Src/main.o
                0x0000000020000000                buttonState
 *fill*         0x0000000020000001        0x1 
 .data.dcOffset
                0x0000000020000002        0x2 Core/Src/output.o
                0x0000000020000002                dcOffset
 .data.amplitude
                0x0000000020000004        0x2 Core/Src/output.o
                0x0000000020000004                amplitude
 .data.frequency
                0x0000000020000006        0x2 Core/Src/output.o
                0x0000000020000006                frequency
 .data.SystemCoreClock
                0x0000000020000008        0x4 Core/Src/system_stm32f3xx.o
                0x0000000020000008                SystemCoreClock
 .data.uwTickPrio
                0x000000002000000c        0x4 Drivers/STM32F3xx_HAL_Driver/Src/stm32f3xx_hal.o
                0x000000002000000c                uwTickPrio
 .data.uwTickFreq
                0x0000000020000010        0x1 Drivers/STM32F3xx_HAL_Driver/Src/stm32f3xx_hal.o
                0x0000000020000010                uwTickFreq
 *fill*         0x0000000020000011        0x3 
 .data._impure_ptr
                0x0000000020000014        0x4 c:/st/stm32cubeide_1.3.0/stm32cubeide/plugins/com.st.stm32cube.ide.mcu.externaltools.gnu-tools-for-stm32.7-2018-q2-update.win32_1.0.0.201904181610/tools/bin/../lib/gcc/arm-none-eabi/7.3.1/../../../../arm-none-eabi/lib/thumb/v7e-m/fpv4-sp/hard\libc_nano.a(lib_a-impure.o)
                0x0000000020000014                _impure_ptr
 .data.impure_data
                0x0000000020000018       0x60 c:/st/stm32cubeide_1.3.0/stm32cubeide/plugins/com.st.stm32cube.ide.mcu.externaltools.gnu-tools-for-stm32.7-2018-q2-update.win32_1.0.0.201904181610/tools/bin/../lib/gcc/arm-none-eabi/7.3.1/../../../../arm-none-eabi/lib/thumb/v7e-m/fpv4-sp/hard\libc_nano.a(lib_a-impure.o)
 .data.__global_locale
                0x0000000020000078      0x16c c:/st/stm32cubeide_1.3.0/stm32cubeide/plugins/com.st.stm32cube.ide.mcu.externaltools.gnu-tools-for-stm32.7-2018-q2-update.win32_1.0.0.201904181610/tools/bin/../lib/gcc/arm-none-eabi/7.3.1/../../../../arm-none-eabi/lib/thumb/v7e-m/fpv4-sp/hard\libc_nano.a(lib_a-locale.o)
                0x0000000020000078                __global_locale
                0x00000000200001e4                . = ALIGN (0x4)
                0x00000000200001e4                _edata = .

.igot.plt       0x00000000200001e4        0x0 load address 0x0000000008008f54
 .igot.plt      0x00000000200001e4        0x0 c:/st/stm32cubeide_1.3.0/stm32cubeide/plugins/com.st.stm32cube.ide.mcu.externaltools.gnu-tools-for-stm32.7-2018-q2-update.win32_1.0.0.201904181610/tools/bin/../lib/gcc/arm-none-eabi/7.3.1/thumb/v7e-m/fpv4-sp/hard/crtbegin.o
                0x00000000200001e4                . = ALIGN (0x4)

.bss            0x00000000200001e4     0xaeb4 load address 0x0000000008008f54
                0x00000000200001e4                _sbss = .
                0x00000000200001e4                __bss_start__ = _sbss
 *(.bss)
 .bss           0x00000000200001e4       0x1c c:/st/stm32cubeide_1.3.0/stm32cubeide/plugins/com.st.stm32cube.ide.mcu.externaltools.gnu-tools-for-stm32.7-2018-q2-update.win32_1.0.0.201904181610/tools/bin/../lib/gcc/arm-none-eabi/7.3.1/thumb/v7e-m/fpv4-sp/hard/crtbegin.o
 *(.bss*)
 .bss.offsetChanged
                0x0000000020000200        0x2 Core/Src/output.o
                0x0000000020000200                offsetChanged
 *fill*         0x0000000020000202        0x2 
 .bss.heap_end.6424
                0x0000000020000204        0x4 Core/Src/sysmem.o
 .bss.__malloc_free_list
                0x0000000020000208        0x4 c:/st/stm32cubeide_1.3.0/stm32cubeide/plugins/com.st.stm32cube.ide.mcu.externaltools.gnu-tools-for-stm32.7-2018-q2-update.win32_1.0.0.201904181610/tools/bin/../lib/gcc/arm-none-eabi/7.3.1/../../../../arm-none-eabi/lib/thumb/v7e-m/fpv4-sp/hard\libc_nano.a(lib_a-nano-mallocr.o)
                0x0000000020000208                __malloc_free_list
 .bss.__malloc_sbrk_start
                0x000000002000020c        0x4 c:/st/stm32cubeide_1.3.0/stm32cubeide/plugins/com.st.stm32cube.ide.mcu.externaltools.gnu-tools-for-stm32.7-2018-q2-update.win32_1.0.0.201904181610/tools/bin/../lib/gcc/arm-none-eabi/7.3.1/../../../../arm-none-eabi/lib/thumb/v7e-m/fpv4-sp/hard\libc_nano.a(lib_a-nano-mallocr.o)
                0x000000002000020c                __malloc_sbrk_start
 *(COMMON)
 COMMON         0x0000000020000210     0xae80 Core/Src/main.o
                0x0000000020000210                rxData
                0x0000000020000211                rxBufferOffset
                0x0000000020000214                sinBuffer
                0x0000000020009e54                htim4
                0x0000000020009ea0                txData
                0x0000000020009f04                hdac1
                0x0000000020009f18                hdma_dac1_ch1
                0x0000000020009f5c                paramValue
                0x0000000020009f60                htim3
                0x0000000020009fac                state
                0x0000000020009fb0                hadc1
                0x000000002000a000                msgCode
                0x000000002000a004                ADCBuffer
                0x000000002000afa4                outputState
                0x000000002000afa6                ADCBufferOffset
                0x000000002000afa8                htim2
                0x000000002000aff4                outputType
                0x000000002000aff8                huart2
                0x000000002000b07c                rxDataBuffer
 COMMON         0x000000002000b090        0x4 Drivers/STM32F3xx_HAL_Driver/Src/stm32f3xx_hal.o
                0x000000002000b090                uwTick
 COMMON         0x000000002000b094        0x4 c:/st/stm32cubeide_1.3.0/stm32cubeide/plugins/com.st.stm32cube.ide.mcu.externaltools.gnu-tools-for-stm32.7-2018-q2-update.win32_1.0.0.201904181610/tools/bin/../lib/gcc/arm-none-eabi/7.3.1/../../../../arm-none-eabi/lib/thumb/v7e-m/fpv4-sp/hard\libc_nano.a(lib_a-reent.o)
                0x000000002000b094                errno
                0x000000002000b098                . = ALIGN (0x4)
                0x000000002000b098                _ebss = .
                0x000000002000b098                __bss_end__ = _ebss

._user_heap_stack
                0x000000002000b098      0x600 load address 0x0000000008008f54
                0x000000002000b098                . = ALIGN (0x8)
                0x000000002000b098                PROVIDE (end = .)
                [!provide]                        PROVIDE (_end = .)
                0x000000002000b298                . = (. + _Min_Heap_Size)
 *fill*         0x000000002000b098      0x200 
                0x000000002000b698                . = (. + _Min_Stack_Size)
 *fill*         0x000000002000b298      0x400 
                0x000000002000b698                . = ALIGN (0x8)

/DISCARD/
 libc.a(*)
 libm.a(*)
 libgcc.a(*)

.ARM.attributes
                0x0000000000000000       0x30
 *(.ARM.attributes)
 .ARM.attributes
                0x0000000000000000       0x22 c:/st/stm32cubeide_1.3.0/stm32cubeide/plugins/com.st.stm32cube.ide.mcu.externaltools.gnu-tools-for-stm32.7-2018-q2-update.win32_1.0.0.201904181610/tools/bin/../lib/gcc/arm-none-eabi/7.3.1/thumb/v7e-m/fpv4-sp/hard/crti.o
 .ARM.attributes
                0x0000000000000022       0x34 c:/st/stm32cubeide_1.3.0/stm32cubeide/plugins/com.st.stm32cube.ide.mcu.externaltools.gnu-tools-for-stm32.7-2018-q2-update.win32_1.0.0.201904181610/tools/bin/../lib/gcc/arm-none-eabi/7.3.1/thumb/v7e-m/fpv4-sp/hard/crtbegin.o
 .ARM.attributes
                0x0000000000000056       0x39 Core/Src/lcd.o
 .ARM.attributes
                0x000000000000008f       0x39 Core/Src/main.o
 .ARM.attributes
                0x00000000000000c8       0x39 Core/Src/measurements.o
 .ARM.attributes
                0x0000000000000101       0x39 Core/Src/output.o
 .ARM.attributes
                0x000000000000013a       0x39 Core/Src/stateManagement.o
 .ARM.attributes
                0x0000000000000173       0x39 Core/Src/stm32f3xx_hal_msp.o
 .ARM.attributes
                0x00000000000001ac       0x39 Core/Src/stm32f3xx_it.o
 .ARM.attributes
                0x00000000000001e5       0x39 Core/Src/sysmem.o
 .ARM.attributes
                0x000000000000021e       0x39 Core/Src/system_stm32f3xx.o
 .ARM.attributes
                0x0000000000000257       0x39 Core/Src/uart_handler.o
 .ARM.attributes
                0x0000000000000290       0x21 Core/Startup/startup_stm32f303retx.o
 .ARM.attributes
                0x00000000000002b1       0x39 Drivers/STM32F3xx_HAL_Driver/Src/stm32f3xx_hal.o
 .ARM.attributes
                0x00000000000002ea       0x39 Drivers/STM32F3xx_HAL_Driver/Src/stm32f3xx_hal_adc_ex.o
 .ARM.attributes
                0x0000000000000323       0x39 Drivers/STM32F3xx_HAL_Driver/Src/stm32f3xx_hal_cortex.o
 .ARM.attributes
                0x000000000000035c       0x39 Drivers/STM32F3xx_HAL_Driver/Src/stm32f3xx_hal_dac.o
 .ARM.attributes
                0x0000000000000395       0x39 Drivers/STM32F3xx_HAL_Driver/Src/stm32f3xx_hal_dac_ex.o
 .ARM.attributes
                0x00000000000003ce       0x39 Drivers/STM32F3xx_HAL_Driver/Src/stm32f3xx_hal_dma.o
 .ARM.attributes
                0x0000000000000407       0x39 Drivers/STM32F3xx_HAL_Driver/Src/stm32f3xx_hal_gpio.o
 .ARM.attributes
                0x0000000000000440       0x39 Drivers/STM32F3xx_HAL_Driver/Src/stm32f3xx_hal_rcc.o
 .ARM.attributes
                0x0000000000000479       0x39 Drivers/STM32F3xx_HAL_Driver/Src/stm32f3xx_hal_rcc_ex.o
 .ARM.attributes
                0x00000000000004b2       0x39 Drivers/STM32F3xx_HAL_Driver/Src/stm32f3xx_hal_tim.o
 .ARM.attributes
                0x00000000000004eb       0x39 Drivers/STM32F3xx_HAL_Driver/Src/stm32f3xx_hal_tim_ex.o
 .ARM.attributes
                0x0000000000000524       0x39 Drivers/STM32F3xx_HAL_Driver/Src/stm32f3xx_hal_uart.o
 .ARM.attributes
                0x000000000000055d       0x39 Drivers/STM32F3xx_HAL_Driver/Src/stm32f3xx_hal_uart_ex.o
 .ARM.attributes
                0x0000000000000596       0x34 c:/st/stm32cubeide_1.3.0/stm32cubeide/plugins/com.st.stm32cube.ide.mcu.externaltools.gnu-tools-for-stm32.7-2018-q2-update.win32_1.0.0.201904181610/tools/bin/../lib/gcc/arm-none-eabi/7.3.1/../../../../arm-none-eabi/lib/thumb/v7e-m/fpv4-sp/hard\libc_nano.a(lib_a-atoi.o)
 .ARM.attributes
                0x00000000000005ca       0x34 c:/st/stm32cubeide_1.3.0/stm32cubeide/plugins/com.st.stm32cube.ide.mcu.externaltools.gnu-tools-for-stm32.7-2018-q2-update.win32_1.0.0.201904181610/tools/bin/../lib/gcc/arm-none-eabi/7.3.1/../../../../arm-none-eabi/lib/thumb/v7e-m/fpv4-sp/hard\libc_nano.a(lib_a-errno.o)
 .ARM.attributes
                0x00000000000005fe       0x34 c:/st/stm32cubeide_1.3.0/stm32cubeide/plugins/com.st.stm32cube.ide.mcu.externaltools.gnu-tools-for-stm32.7-2018-q2-update.win32_1.0.0.201904181610/tools/bin/../lib/gcc/arm-none-eabi/7.3.1/../../../../arm-none-eabi/lib/thumb/v7e-m/fpv4-sp/hard\libc_nano.a(lib_a-impure.o)
 .ARM.attributes
                0x0000000000000632       0x34 c:/st/stm32cubeide_1.3.0/stm32cubeide/plugins/com.st.stm32cube.ide.mcu.externaltools.gnu-tools-for-stm32.7-2018-q2-update.win32_1.0.0.201904181610/tools/bin/../lib/gcc/arm-none-eabi/7.3.1/../../../../arm-none-eabi/lib/thumb/v7e-m/fpv4-sp/hard\libc_nano.a(lib_a-init.o)
 .ARM.attributes
                0x0000000000000666       0x34 c:/st/stm32cubeide_1.3.0/stm32cubeide/plugins/com.st.stm32cube.ide.mcu.externaltools.gnu-tools-for-stm32.7-2018-q2-update.win32_1.0.0.201904181610/tools/bin/../lib/gcc/arm-none-eabi/7.3.1/../../../../arm-none-eabi/lib/thumb/v7e-m/fpv4-sp/hard\libc_nano.a(lib_a-memset.o)
 .ARM.attributes
                0x000000000000069a       0x34 c:/st/stm32cubeide_1.3.0/stm32cubeide/plugins/com.st.stm32cube.ide.mcu.externaltools.gnu-tools-for-stm32.7-2018-q2-update.win32_1.0.0.201904181610/tools/bin/../lib/gcc/arm-none-eabi/7.3.1/../../../../arm-none-eabi/lib/thumb/v7e-m/fpv4-sp/hard\libc_nano.a(lib_a-snprintf.o)
 .ARM.attributes
                0x00000000000006ce       0x34 c:/st/stm32cubeide_1.3.0/stm32cubeide/plugins/com.st.stm32cube.ide.mcu.externaltools.gnu-tools-for-stm32.7-2018-q2-update.win32_1.0.0.201904181610/tools/bin/../lib/gcc/arm-none-eabi/7.3.1/../../../../arm-none-eabi/lib/thumb/v7e-m/fpv4-sp/hard\libc_nano.a(lib_a-sprintf.o)
 .ARM.attributes
                0x0000000000000702       0x34 c:/st/stm32cubeide_1.3.0/stm32cubeide/plugins/com.st.stm32cube.ide.mcu.externaltools.gnu-tools-for-stm32.7-2018-q2-update.win32_1.0.0.201904181610/tools/bin/../lib/gcc/arm-none-eabi/7.3.1/../../../../arm-none-eabi/lib/thumb/v7e-m/fpv4-sp/hard\libc_nano.a(lib_a-strncpy.o)
 .ARM.attributes
                0x0000000000000736       0x34 c:/st/stm32cubeide_1.3.0/stm32cubeide/plugins/com.st.stm32cube.ide.mcu.externaltools.gnu-tools-for-stm32.7-2018-q2-update.win32_1.0.0.201904181610/tools/bin/../lib/gcc/arm-none-eabi/7.3.1/../../../../arm-none-eabi/lib/thumb/v7e-m/fpv4-sp/hard\libc_nano.a(lib_a-strtol.o)
 .ARM.attributes
                0x000000000000076a       0x34 c:/st/stm32cubeide_1.3.0/stm32cubeide/plugins/com.st.stm32cube.ide.mcu.externaltools.gnu-tools-for-stm32.7-2018-q2-update.win32_1.0.0.201904181610/tools/bin/../lib/gcc/arm-none-eabi/7.3.1/../../../../arm-none-eabi/lib/thumb/v7e-m/fpv4-sp/hard\libc_nano.a(lib_a-locale.o)
 .ARM.attributes
                0x000000000000079e       0x34 c:/st/stm32cubeide_1.3.0/stm32cubeide/plugins/com.st.stm32cube.ide.mcu.externaltools.gnu-tools-for-stm32.7-2018-q2-update.win32_1.0.0.201904181610/tools/bin/../lib/gcc/arm-none-eabi/7.3.1/../../../../arm-none-eabi/lib/thumb/v7e-m/fpv4-sp/hard\libc_nano.a(lib_a-mbtowc_r.o)
 .ARM.attributes
                0x00000000000007d2       0x34 c:/st/stm32cubeide_1.3.0/stm32cubeide/plugins/com.st.stm32cube.ide.mcu.externaltools.gnu-tools-for-stm32.7-2018-q2-update.win32_1.0.0.201904181610/tools/bin/../lib/gcc/arm-none-eabi/7.3.1/../../../../arm-none-eabi/lib/thumb/v7e-m/fpv4-sp/hard\libc_nano.a(lib_a-nano-svfprintf.o)
 .ARM.attributes
                0x0000000000000806       0x34 c:/st/stm32cubeide_1.3.0/stm32cubeide/plugins/com.st.stm32cube.ide.mcu.externaltools.gnu-tools-for-stm32.7-2018-q2-update.win32_1.0.0.201904181610/tools/bin/../lib/gcc/arm-none-eabi/7.3.1/../../../../arm-none-eabi/lib/thumb/v7e-m/fpv4-sp/hard\libc_nano.a(lib_a-nano-vfprintf_i.o)
 .ARM.attributes
                0x000000000000083a       0x34 c:/st/stm32cubeide_1.3.0/stm32cubeide/plugins/com.st.stm32cube.ide.mcu.externaltools.gnu-tools-for-stm32.7-2018-q2-update.win32_1.0.0.201904181610/tools/bin/../lib/gcc/arm-none-eabi/7.3.1/../../../../arm-none-eabi/lib/thumb/v7e-m/fpv4-sp/hard\libc_nano.a(lib_a-wctomb_r.o)
 .ARM.attributes
                0x000000000000086e       0x34 c:/st/stm32cubeide_1.3.0/stm32cubeide/plugins/com.st.stm32cube.ide.mcu.externaltools.gnu-tools-for-stm32.7-2018-q2-update.win32_1.0.0.201904181610/tools/bin/../lib/gcc/arm-none-eabi/7.3.1/../../../../arm-none-eabi/lib/thumb/v7e-m/fpv4-sp/hard\libc_nano.a(lib_a-ctype_.o)
 .ARM.attributes
                0x00000000000008a2       0x20 c:/st/stm32cubeide_1.3.0/stm32cubeide/plugins/com.st.stm32cube.ide.mcu.externaltools.gnu-tools-for-stm32.7-2018-q2-update.win32_1.0.0.201904181610/tools/bin/../lib/gcc/arm-none-eabi/7.3.1/../../../../arm-none-eabi/lib/thumb/v7e-m/fpv4-sp/hard\libc_nano.a(lib_a-memchr.o)
 .ARM.attributes
                0x00000000000008c2       0x34 c:/st/stm32cubeide_1.3.0/stm32cubeide/plugins/com.st.stm32cube.ide.mcu.externaltools.gnu-tools-for-stm32.7-2018-q2-update.win32_1.0.0.201904181610/tools/bin/../lib/gcc/arm-none-eabi/7.3.1/../../../../arm-none-eabi/lib/thumb/v7e-m/fpv4-sp/hard\libc_nano.a(lib_a-memcpy-stub.o)
 .ARM.attributes
                0x00000000000008f6       0x34 c:/st/stm32cubeide_1.3.0/stm32cubeide/plugins/com.st.stm32cube.ide.mcu.externaltools.gnu-tools-for-stm32.7-2018-q2-update.win32_1.0.0.201904181610/tools/bin/../lib/gcc/arm-none-eabi/7.3.1/../../../../arm-none-eabi/lib/thumb/v7e-m/fpv4-sp/hard\libc_nano.a(lib_a-memmove.o)
 .ARM.attributes
                0x000000000000092a       0x34 c:/st/stm32cubeide_1.3.0/stm32cubeide/plugins/com.st.stm32cube.ide.mcu.externaltools.gnu-tools-for-stm32.7-2018-q2-update.win32_1.0.0.201904181610/tools/bin/../lib/gcc/arm-none-eabi/7.3.1/../../../../arm-none-eabi/lib/thumb/v7e-m/fpv4-sp/hard\libc_nano.a(lib_a-nano-freer.o)
 .ARM.attributes
                0x000000000000095e       0x34 c:/st/stm32cubeide_1.3.0/stm32cubeide/plugins/com.st.stm32cube.ide.mcu.externaltools.gnu-tools-for-stm32.7-2018-q2-update.win32_1.0.0.201904181610/tools/bin/../lib/gcc/arm-none-eabi/7.3.1/../../../../arm-none-eabi/lib/thumb/v7e-m/fpv4-sp/hard\libc_nano.a(lib_a-nano-mallocr.o)
 .ARM.attributes
                0x0000000000000992       0x34 c:/st/stm32cubeide_1.3.0/stm32cubeide/plugins/com.st.stm32cube.ide.mcu.externaltools.gnu-tools-for-stm32.7-2018-q2-update.win32_1.0.0.201904181610/tools/bin/../lib/gcc/arm-none-eabi/7.3.1/../../../../arm-none-eabi/lib/thumb/v7e-m/fpv4-sp/hard\libc_nano.a(lib_a-nano-reallocr.o)
 .ARM.attributes
                0x00000000000009c6       0x34 c:/st/stm32cubeide_1.3.0/stm32cubeide/plugins/com.st.stm32cube.ide.mcu.externaltools.gnu-tools-for-stm32.7-2018-q2-update.win32_1.0.0.201904181610/tools/bin/../lib/gcc/arm-none-eabi/7.3.1/../../../../arm-none-eabi/lib/thumb/v7e-m/fpv4-sp/hard\libc_nano.a(lib_a-sbrkr.o)
 .ARM.attributes
                0x00000000000009fa       0x34 c:/st/stm32cubeide_1.3.0/stm32cubeide/plugins/com.st.stm32cube.ide.mcu.externaltools.gnu-tools-for-stm32.7-2018-q2-update.win32_1.0.0.201904181610/tools/bin/../lib/gcc/arm-none-eabi/7.3.1/../../../../arm-none-eabi/lib/thumb/v7e-m/fpv4-sp/hard\libc_nano.a(lib_a-mlock.o)
 .ARM.attributes
                0x0000000000000a2e       0x34 c:/st/stm32cubeide_1.3.0/stm32cubeide/plugins/com.st.stm32cube.ide.mcu.externaltools.gnu-tools-for-stm32.7-2018-q2-update.win32_1.0.0.201904181610/tools/bin/../lib/gcc/arm-none-eabi/7.3.1/../../../../arm-none-eabi/lib/thumb/v7e-m/fpv4-sp/hard\libc_nano.a(lib_a-nano-msizer.o)
 .ARM.attributes
                0x0000000000000a62       0x34 c:/st/stm32cubeide_1.3.0/stm32cubeide/plugins/com.st.stm32cube.ide.mcu.externaltools.gnu-tools-for-stm32.7-2018-q2-update.win32_1.0.0.201904181610/tools/bin/../lib/gcc/arm-none-eabi/7.3.1/../../../../arm-none-eabi/lib/thumb/v7e-m/fpv4-sp/hard\libc_nano.a(lib_a-reent.o)
 .ARM.attributes
                0x0000000000000a96       0x22 c:/st/stm32cubeide_1.3.0/stm32cubeide/plugins/com.st.stm32cube.ide.mcu.externaltools.gnu-tools-for-stm32.7-2018-q2-update.win32_1.0.0.201904181610/tools/bin/../lib/gcc/arm-none-eabi/7.3.1/thumb/v7e-m/fpv4-sp/hard\libgcc.a(_arm_addsubdf3.o)
 .ARM.attributes
                0x0000000000000ab8       0x22 c:/st/stm32cubeide_1.3.0/stm32cubeide/plugins/com.st.stm32cube.ide.mcu.externaltools.gnu-tools-for-stm32.7-2018-q2-update.win32_1.0.0.201904181610/tools/bin/../lib/gcc/arm-none-eabi/7.3.1/thumb/v7e-m/fpv4-sp/hard\libgcc.a(_arm_muldivdf3.o)
 .ARM.attributes
                0x0000000000000ada       0x22 c:/st/stm32cubeide_1.3.0/stm32cubeide/plugins/com.st.stm32cube.ide.mcu.externaltools.gnu-tools-for-stm32.7-2018-q2-update.win32_1.0.0.201904181610/tools/bin/../lib/gcc/arm-none-eabi/7.3.1/thumb/v7e-m/fpv4-sp/hard\libgcc.a(_arm_fixunsdfsi.o)
 .ARM.attributes
                0x0000000000000afc       0x22 c:/st/stm32cubeide_1.3.0/stm32cubeide/plugins/com.st.stm32cube.ide.mcu.externaltools.gnu-tools-for-stm32.7-2018-q2-update.win32_1.0.0.201904181610/tools/bin/../lib/gcc/arm-none-eabi/7.3.1/thumb/v7e-m/fpv4-sp/hard/crtn.o
OUTPUT(EDesign Project.elf elf32-littlearm)

.debug_info     0x0000000000000000    0x1965b
 .debug_info    0x0000000000000000      0x8b0 Core/Src/lcd.o
 .debug_info    0x00000000000008b0     0x23e9 Core/Src/main.o
 .debug_info    0x0000000000002c99     0x1527 Core/Src/measurements.o
 .debug_info    0x00000000000041c0      0xff8 Core/Src/output.o
 .debug_info    0x00000000000051b8      0x30d Core/Src/stateManagement.o
 .debug_info    0x00000000000054c5     0x16ae Core/Src/stm32f3xx_hal_msp.o
 .debug_info    0x0000000000006b73      0xb0e Core/Src/stm32f3xx_it.o
 .debug_info    0x0000000000007681      0x91c Core/Src/sysmem.o
 .debug_info    0x0000000000007f9d      0x45c Core/Src/system_stm32f3xx.o
 .debug_info    0x00000000000083f9     0x1a36 Core/Src/uart_handler.o
 .debug_info    0x0000000000009e2f       0x22 Core/Startup/startup_stm32f303retx.o
 .debug_info    0x0000000000009e51      0x812 Drivers/STM32F3xx_HAL_Driver/Src/stm32f3xx_hal.o
 .debug_info    0x000000000000a663     0x1571 Drivers/STM32F3xx_HAL_Driver/Src/stm32f3xx_hal_adc_ex.o
 .debug_info    0x000000000000bbd4      0xdc9 Drivers/STM32F3xx_HAL_Driver/Src/stm32f3xx_hal_cortex.o
 .debug_info    0x000000000000c99d      0x8fb Drivers/STM32F3xx_HAL_Driver/Src/stm32f3xx_hal_dac.o
 .debug_info    0x000000000000d298      0xa45 Drivers/STM32F3xx_HAL_Driver/Src/stm32f3xx_hal_dac_ex.o
 .debug_info    0x000000000000dcdd      0x7cb Drivers/STM32F3xx_HAL_Driver/Src/stm32f3xx_hal_dma.o
 .debug_info    0x000000000000e4a8      0x7c1 Drivers/STM32F3xx_HAL_Driver/Src/stm32f3xx_hal_gpio.o
 .debug_info    0x000000000000ec69     0x181f Drivers/STM32F3xx_HAL_Driver/Src/stm32f3xx_hal_rcc.o
 .debug_info    0x0000000000010488      0x708 Drivers/STM32F3xx_HAL_Driver/Src/stm32f3xx_hal_rcc_ex.o
 .debug_info    0x0000000000010b90     0x2a7a Drivers/STM32F3xx_HAL_Driver/Src/stm32f3xx_hal_tim.o
 .debug_info    0x000000000001360a     0x1500 Drivers/STM32F3xx_HAL_Driver/Src/stm32f3xx_hal_tim_ex.o
 .debug_info    0x0000000000014b0a     0x3eee Drivers/STM32F3xx_HAL_Driver/Src/stm32f3xx_hal_uart.o
 .debug_info    0x00000000000189f8      0xc63 Drivers/STM32F3xx_HAL_Driver/Src/stm32f3xx_hal_uart_ex.o

.debug_abbrev   0x0000000000000000     0x2f53
 .debug_abbrev  0x0000000000000000      0x1a6 Core/Src/lcd.o
 .debug_abbrev  0x00000000000001a6      0x2b6 Core/Src/main.o
 .debug_abbrev  0x000000000000045c      0x23a Core/Src/measurements.o
 .debug_abbrev  0x0000000000000696      0x274 Core/Src/output.o
 .debug_abbrev  0x000000000000090a      0x13f Core/Src/stateManagement.o
 .debug_abbrev  0x0000000000000a49      0x1de Core/Src/stm32f3xx_hal_msp.o
 .debug_abbrev  0x0000000000000c27      0x172 Core/Src/stm32f3xx_it.o
 .debug_abbrev  0x0000000000000d99      0x1bb Core/Src/sysmem.o
 .debug_abbrev  0x0000000000000f54      0x12b Core/Src/system_stm32f3xx.o
 .debug_abbrev  0x000000000000107f      0x258 Core/Src/uart_handler.o
 .debug_abbrev  0x00000000000012d7       0x12 Core/Startup/startup_stm32f303retx.o
 .debug_abbrev  0x00000000000012e9      0x1c7 Drivers/STM32F3xx_HAL_Driver/Src/stm32f3xx_hal.o
 .debug_abbrev  0x00000000000014b0      0x225 Drivers/STM32F3xx_HAL_Driver/Src/stm32f3xx_hal_adc_ex.o
 .debug_abbrev  0x00000000000016d5      0x2fa Drivers/STM32F3xx_HAL_Driver/Src/stm32f3xx_hal_cortex.o
 .debug_abbrev  0x00000000000019cf      0x1a3 Drivers/STM32F3xx_HAL_Driver/Src/stm32f3xx_hal_dac.o
 .debug_abbrev  0x0000000000001b72      0x22d Drivers/STM32F3xx_HAL_Driver/Src/stm32f3xx_hal_dac_ex.o
 .debug_abbrev  0x0000000000001d9f      0x1fe Drivers/STM32F3xx_HAL_Driver/Src/stm32f3xx_hal_dma.o
 .debug_abbrev  0x0000000000001f9d      0x1c0 Drivers/STM32F3xx_HAL_Driver/Src/stm32f3xx_hal_gpio.o
 .debug_abbrev  0x000000000000215d      0x28c Drivers/STM32F3xx_HAL_Driver/Src/stm32f3xx_hal_rcc.o
 .debug_abbrev  0x00000000000023e9      0x219 Drivers/STM32F3xx_HAL_Driver/Src/stm32f3xx_hal_rcc_ex.o
 .debug_abbrev  0x0000000000002602      0x230 Drivers/STM32F3xx_HAL_Driver/Src/stm32f3xx_hal_tim.o
 .debug_abbrev  0x0000000000002832      0x236 Drivers/STM32F3xx_HAL_Driver/Src/stm32f3xx_hal_tim_ex.o
 .debug_abbrev  0x0000000000002a68      0x27f Drivers/STM32F3xx_HAL_Driver/Src/stm32f3xx_hal_uart.o
 .debug_abbrev  0x0000000000002ce7      0x26c Drivers/STM32F3xx_HAL_Driver/Src/stm32f3xx_hal_uart_ex.o

.debug_aranges  0x0000000000000000     0x1190
 .debug_aranges
                0x0000000000000000       0x50 Core/Src/lcd.o
 .debug_aranges
                0x0000000000000050       0x80 Core/Src/main.o
 .debug_aranges
                0x00000000000000d0       0x38 Core/Src/measurements.o
 .debug_aranges
                0x0000000000000108       0x58 Core/Src/output.o
 .debug_aranges
                0x0000000000000160       0x48 Core/Src/stateManagement.o
 .debug_aranges
                0x00000000000001a8       0x68 Core/Src/stm32f3xx_hal_msp.o
 .debug_aranges
                0x0000000000000210       0x88 Core/Src/stm32f3xx_it.o
 .debug_aranges
                0x0000000000000298       0x20 Core/Src/sysmem.o
 .debug_aranges
                0x00000000000002b8       0x28 Core/Src/system_stm32f3xx.o
 .debug_aranges
                0x00000000000002e0       0x40 Core/Src/uart_handler.o
 .debug_aranges
                0x0000000000000320       0x28 Core/Startup/startup_stm32f303retx.o
 .debug_aranges
                0x0000000000000348       0xe0 Drivers/STM32F3xx_HAL_Driver/Src/stm32f3xx_hal.o
 .debug_aranges
                0x0000000000000428      0x168 Drivers/STM32F3xx_HAL_Driver/Src/stm32f3xx_hal_adc_ex.o
 .debug_aranges
                0x0000000000000590      0x118 Drivers/STM32F3xx_HAL_Driver/Src/stm32f3xx_hal_cortex.o
 .debug_aranges
                0x00000000000006a8       0xa8 Drivers/STM32F3xx_HAL_Driver/Src/stm32f3xx_hal_dac.o
 .debug_aranges
                0x0000000000000750       0xb8 Drivers/STM32F3xx_HAL_Driver/Src/stm32f3xx_hal_dac_ex.o
 .debug_aranges
                0x0000000000000808       0x88 Drivers/STM32F3xx_HAL_Driver/Src/stm32f3xx_hal_dma.o
 .debug_aranges
                0x0000000000000890       0x58 Drivers/STM32F3xx_HAL_Driver/Src/stm32f3xx_hal_gpio.o
 .debug_aranges
                0x00000000000008e8       0x88 Drivers/STM32F3xx_HAL_Driver/Src/stm32f3xx_hal_rcc.o
 .debug_aranges
                0x0000000000000970       0x38 Drivers/STM32F3xx_HAL_Driver/Src/stm32f3xx_hal_rcc_ex.o
 .debug_aranges
                0x00000000000009a8      0x3e0 Drivers/STM32F3xx_HAL_Driver/Src/stm32f3xx_hal_tim.o
 .debug_aranges
                0x0000000000000d88      0x178 Drivers/STM32F3xx_HAL_Driver/Src/stm32f3xx_hal_tim_ex.o
 .debug_aranges
                0x0000000000000f00      0x228 Drivers/STM32F3xx_HAL_Driver/Src/stm32f3xx_hal_uart.o
 .debug_aranges
                0x0000000000001128       0x68 Drivers/STM32F3xx_HAL_Driver/Src/stm32f3xx_hal_uart_ex.o

.debug_ranges   0x0000000000000000     0x1048
 .debug_ranges  0x0000000000000000       0x40 Core/Src/lcd.o
 .debug_ranges  0x0000000000000040       0x70 Core/Src/main.o
 .debug_ranges  0x00000000000000b0       0x28 Core/Src/measurements.o
 .debug_ranges  0x00000000000000d8       0x48 Core/Src/output.o
 .debug_ranges  0x0000000000000120       0x38 Core/Src/stateManagement.o
 .debug_ranges  0x0000000000000158       0x58 Core/Src/stm32f3xx_hal_msp.o
 .debug_ranges  0x00000000000001b0       0x78 Core/Src/stm32f3xx_it.o
 .debug_ranges  0x0000000000000228       0x10 Core/Src/sysmem.o
 .debug_ranges  0x0000000000000238       0x18 Core/Src/system_stm32f3xx.o
 .debug_ranges  0x0000000000000250       0x30 Core/Src/uart_handler.o
 .debug_ranges  0x0000000000000280       0x20 Core/Startup/startup_stm32f303retx.o
 .debug_ranges  0x00000000000002a0       0xd0 Drivers/STM32F3xx_HAL_Driver/Src/stm32f3xx_hal.o
 .debug_ranges  0x0000000000000370      0x158 Drivers/STM32F3xx_HAL_Driver/Src/stm32f3xx_hal_adc_ex.o
 .debug_ranges  0x00000000000004c8      0x108 Drivers/STM32F3xx_HAL_Driver/Src/stm32f3xx_hal_cortex.o
 .debug_ranges  0x00000000000005d0       0x98 Drivers/STM32F3xx_HAL_Driver/Src/stm32f3xx_hal_dac.o
 .debug_ranges  0x0000000000000668       0xa8 Drivers/STM32F3xx_HAL_Driver/Src/stm32f3xx_hal_dac_ex.o
 .debug_ranges  0x0000000000000710       0x78 Drivers/STM32F3xx_HAL_Driver/Src/stm32f3xx_hal_dma.o
 .debug_ranges  0x0000000000000788       0x48 Drivers/STM32F3xx_HAL_Driver/Src/stm32f3xx_hal_gpio.o
 .debug_ranges  0x00000000000007d0       0x78 Drivers/STM32F3xx_HAL_Driver/Src/stm32f3xx_hal_rcc.o
 .debug_ranges  0x0000000000000848       0x28 Drivers/STM32F3xx_HAL_Driver/Src/stm32f3xx_hal_rcc_ex.o
 .debug_ranges  0x0000000000000870      0x3d0 Drivers/STM32F3xx_HAL_Driver/Src/stm32f3xx_hal_tim.o
 .debug_ranges  0x0000000000000c40      0x168 Drivers/STM32F3xx_HAL_Driver/Src/stm32f3xx_hal_tim_ex.o
 .debug_ranges  0x0000000000000da8      0x248 Drivers/STM32F3xx_HAL_Driver/Src/stm32f3xx_hal_uart.o
 .debug_ranges  0x0000000000000ff0       0x58 Drivers/STM32F3xx_HAL_Driver/Src/stm32f3xx_hal_uart_ex.o

.debug_macro    0x0000000000000000    0x22bb1
 .debug_macro   0x0000000000000000      0x217 Core/Src/lcd.o
 .debug_macro   0x0000000000000217      0xa5a Core/Src/lcd.o
 .debug_macro   0x0000000000000c71      0x163 Core/Src/lcd.o
 .debug_macro   0x0000000000000dd4       0x2e Core/Src/lcd.o
 .debug_macro   0x0000000000000e02       0x28 Core/Src/lcd.o
 .debug_macro   0x0000000000000e2a       0x22 Core/Src/lcd.o
 .debug_macro   0x0000000000000e4c       0x8e Core/Src/lcd.o
 .debug_macro   0x0000000000000eda       0x51 Core/Src/lcd.o
 .debug_macro   0x0000000000000f2b       0xef Core/Src/lcd.o
 .debug_macro   0x000000000000101a       0x6a Core/Src/lcd.o
 .debug_macro   0x0000000000001084      0x1df Core/Src/lcd.o
 .debug_macro   0x0000000000001263       0x1c Core/Src/lcd.o
 .debug_macro   0x000000000000127f       0x22 Core/Src/lcd.o
 .debug_macro   0x00000000000012a1       0xdf Core/Src/lcd.o
 .debug_macro   0x0000000000001380     0x102d Core/Src/lcd.o
 .debug_macro   0x00000000000023ad      0x11f Core/Src/lcd.o
 .debug_macro   0x00000000000024cc    0x1535a Core/Src/lcd.o
 .debug_macro   0x0000000000017826       0x6d Core/Src/lcd.o
 .debug_macro   0x0000000000017893     0x3540 Core/Src/lcd.o
 .debug_macro   0x000000000001add3      0x174 Core/Src/lcd.o
 .debug_macro   0x000000000001af47       0x55 Core/Src/lcd.o
 .debug_macro   0x000000000001af9c      0x954 Core/Src/lcd.o
 .debug_macro   0x000000000001b8f0      0x84a Core/Src/lcd.o
 .debug_macro   0x000000000001c13a      0x1b6 Core/Src/lcd.o
 .debug_macro   0x000000000001c2f0      0x23a Core/Src/lcd.o
 .debug_macro   0x000000000001c52a      0x1ea Core/Src/lcd.o
 .debug_macro   0x000000000001c714      0x1bc Core/Src/lcd.o
 .debug_macro   0x000000000001c8d0       0x30 Core/Src/lcd.o
 .debug_macro   0x000000000001c900       0x3c Core/Src/lcd.o
 .debug_macro   0x000000000001c93c      0x236 Core/Src/lcd.o
 .debug_macro   0x000000000001cb72      0x9fe Core/Src/lcd.o
 .debug_macro   0x000000000001d570       0x77 Core/Src/lcd.o
 .debug_macro   0x000000000001d5e7      0x176 Core/Src/lcd.o
 .debug_macro   0x000000000001d75d       0x61 Core/Src/lcd.o
 .debug_macro   0x000000000001d7be       0xc5 Core/Src/lcd.o
 .debug_macro   0x000000000001d883      0x21d Core/Src/lcd.o
 .debug_macro   0x000000000001daa0      0x22c Core/Src/lcd.o
 .debug_macro   0x000000000001dccc       0x5b Core/Src/lcd.o
 .debug_macro   0x000000000001dd27       0xa5 Core/Src/lcd.o
 .debug_macro   0x000000000001ddcc       0x81 Core/Src/lcd.o
 .debug_macro   0x000000000001de4d       0xd3 Core/Src/lcd.o
 .debug_macro   0x000000000001df20      0xa3d Core/Src/lcd.o
 .debug_macro   0x000000000001e95d       0xbb Core/Src/lcd.o
 .debug_macro   0x000000000001ea18      0x5a5 Core/Src/lcd.o
 .debug_macro   0x000000000001efbd       0x44 Core/Src/lcd.o
 .debug_macro   0x000000000001f001      0x347 Core/Src/lcd.o
 .debug_macro   0x000000000001f348       0x58 Core/Src/lcd.o
 .debug_macro   0x000000000001f3a0      0x3c6 Core/Src/main.o
 .debug_macro   0x000000000001f766       0x10 Core/Src/main.o
 .debug_macro   0x000000000001f776       0x46 Core/Src/main.o
 .debug_macro   0x000000000001f7bc       0x76 Core/Src/main.o
 .debug_macro   0x000000000001f832      0x372 Core/Src/measurements.o
 .debug_macro   0x000000000001fba4       0x16 Core/Src/measurements.o
 .debug_macro   0x000000000001fbba      0x2fe Core/Src/output.o
 .debug_macro   0x000000000001feb8       0x16 Core/Src/output.o
 .debug_macro   0x000000000001fece       0x16 Core/Src/output.o
 .debug_macro   0x000000000001fee4       0x29 Core/Src/output.o
 .debug_macro   0x000000000001ff0d      0x1e1 Core/Src/output.o
 .debug_macro   0x00000000000200ee      0x21c Core/Src/stateManagement.o
 .debug_macro   0x000000000002030a      0x213 Core/Src/stm32f3xx_hal_msp.o
 .debug_macro   0x000000000002051d      0x21d Core/Src/stm32f3xx_it.o
 .debug_macro   0x000000000002073a      0x1ae Core/Src/sysmem.o
 .debug_macro   0x00000000000208e8      0x23b Core/Src/sysmem.o
 .debug_macro   0x0000000000020b23      0x204 Core/Src/system_stm32f3xx.o
 .debug_macro   0x0000000000020d27      0x3be Core/Src/uart_handler.o
 .debug_macro   0x00000000000210e5      0x228 Drivers/STM32F3xx_HAL_Driver/Src/stm32f3xx_hal.o
 .debug_macro   0x000000000002130d      0x22e Drivers/STM32F3xx_HAL_Driver/Src/stm32f3xx_hal_adc_ex.o
 .debug_macro   0x000000000002153b      0x204 Drivers/STM32F3xx_HAL_Driver/Src/stm32f3xx_hal_cortex.o
 .debug_macro   0x000000000002173f      0x205 Drivers/STM32F3xx_HAL_Driver/Src/stm32f3xx_hal_dac.o
 .debug_macro   0x0000000000021944      0x204 Drivers/STM32F3xx_HAL_Driver/Src/stm32f3xx_hal_dac_ex.o
 .debug_macro   0x0000000000021b48      0x204 Drivers/STM32F3xx_HAL_Driver/Src/stm32f3xx_hal_dma.o
 .debug_macro   0x0000000000021d4c      0x20b Drivers/STM32F3xx_HAL_Driver/Src/stm32f3xx_hal_gpio.o
 .debug_macro   0x0000000000021f57      0x228 Drivers/STM32F3xx_HAL_Driver/Src/stm32f3xx_hal_rcc.o
 .debug_macro   0x000000000002217f      0x204 Drivers/STM32F3xx_HAL_Driver/Src/stm32f3xx_hal_rcc_ex.o
 .debug_macro   0x0000000000022383      0x205 Drivers/STM32F3xx_HAL_Driver/Src/stm32f3xx_hal_tim.o
 .debug_macro   0x0000000000022588      0x204 Drivers/STM32F3xx_HAL_Driver/Src/stm32f3xx_hal_tim_ex.o
 .debug_macro   0x000000000002278c      0x221 Drivers/STM32F3xx_HAL_Driver/Src/stm32f3xx_hal_uart.o
 .debug_macro   0x00000000000229ad      0x204 Drivers/STM32F3xx_HAL_Driver/Src/stm32f3xx_hal_uart_ex.o

.debug_line     0x0000000000000000    0x12d9d
 .debug_line    0x0000000000000000      0x7f8 Core/Src/lcd.o
 .debug_line    0x00000000000007f8      0xb38 Core/Src/main.o
 .debug_line    0x0000000000001330      0xa3b Core/Src/measurements.o
 .debug_line    0x0000000000001d6b      0x977 Core/Src/output.o
 .debug_line    0x00000000000026e2      0x7d3 Core/Src/stateManagement.o
 .debug_line    0x0000000000002eb5      0x84a Core/Src/stm32f3xx_hal_msp.o
 .debug_line    0x00000000000036ff      0x84c Core/Src/stm32f3xx_it.o
 .debug_line    0x0000000000003f4b      0x55e Core/Src/sysmem.o
 .debug_line    0x00000000000044a9      0x76d Core/Src/system_stm32f3xx.o
 .debug_line    0x0000000000004c16      0xaba Core/Src/uart_handler.o
 .debug_line    0x00000000000056d0       0x88 Core/Startup/startup_stm32f303retx.o
 .debug_line    0x0000000000005758      0x929 Drivers/STM32F3xx_HAL_Driver/Src/stm32f3xx_hal.o
 .debug_line    0x0000000000006081     0x1a9d Drivers/STM32F3xx_HAL_Driver/Src/stm32f3xx_hal_adc_ex.o
 .debug_line    0x0000000000007b1e      0xa5e Drivers/STM32F3xx_HAL_Driver/Src/stm32f3xx_hal_cortex.o
 .debug_line    0x000000000000857c      0x8af Drivers/STM32F3xx_HAL_Driver/Src/stm32f3xx_hal_dac.o
 .debug_line    0x0000000000008e2b      0x9cb Drivers/STM32F3xx_HAL_Driver/Src/stm32f3xx_hal_dac_ex.o
 .debug_line    0x00000000000097f6      0x968 Drivers/STM32F3xx_HAL_Driver/Src/stm32f3xx_hal_dma.o
 .debug_line    0x000000000000a15e      0x8f3 Drivers/STM32F3xx_HAL_Driver/Src/stm32f3xx_hal_gpio.o
 .debug_line    0x000000000000aa51      0xea4 Drivers/STM32F3xx_HAL_Driver/Src/stm32f3xx_hal_rcc.o
 .debug_line    0x000000000000b8f5      0xacc Drivers/STM32F3xx_HAL_Driver/Src/stm32f3xx_hal_rcc_ex.o
 .debug_line    0x000000000000c3c1     0x2863 Drivers/STM32F3xx_HAL_Driver/Src/stm32f3xx_hal_tim.o
 .debug_line    0x000000000000ec24     0x138c Drivers/STM32F3xx_HAL_Driver/Src/stm32f3xx_hal_tim_ex.o
 .debug_line    0x000000000000ffb0     0x23b2 Drivers/STM32F3xx_HAL_Driver/Src/stm32f3xx_hal_uart.o
 .debug_line    0x0000000000012362      0xa3b Drivers/STM32F3xx_HAL_Driver/Src/stm32f3xx_hal_uart_ex.o

.debug_str      0x0000000000000000    0xd63da
 .debug_str     0x0000000000000000    0xcc6a6 Core/Src/lcd.o
                                      0xccd9e (size before relaxing)
 .debug_str     0x00000000000cc6a6     0x533e Core/Src/main.o
                                      0xd2367 (size before relaxing)
 .debug_str     0x00000000000d19e4       0xae Core/Src/measurements.o
                                      0xd1232 (size before relaxing)
 .debug_str     0x00000000000d1a92      0xa2f Core/Src/output.o
                                      0xd0735 (size before relaxing)
 .debug_str     0x00000000000d24c1       0x86 Core/Src/stateManagement.o
                                      0xcca7e (size before relaxing)
 .debug_str     0x00000000000d2547      0x13c Core/Src/stm32f3xx_hal_msp.o
                                      0xcda28 (size before relaxing)
 .debug_str     0x00000000000d2683      0x119 Core/Src/stm32f3xx_it.o
                                      0xcd128 (size before relaxing)
 .debug_str     0x00000000000d279c      0x4d1 Core/Src/sysmem.o
                                       0x7af3 (size before relaxing)