main.c:80:6:HAL_GPIO_EXTI_Callback	16	static
main.c:94:6:HAL_TIM_PeriodElapsedCallback	16	static
main.c:125:5:main	8	static
main.c:184:6:SystemClock_Config	160	static
main.c:233:13:MX_ADC1_Init	48	static
main.c:296:13:MX_DAC1_Init	24	static
main.c:334:13:MX_TIM2_Init	40	static
main.c:379:13:MX_TIM3_Init	64	static
main.c:438:13:MX_TIM4_Init	40	static
main.c:483:13:MX_USART2_UART_Init	8	static
main.c:516:13:MX_DMA_Init	16	static
main.c:534:13:MX_GPIO_Init	48	static
main.c:607:6:Error_Handler	4	static
