main.c:78:6:HAL_GPIO_EXTI_Callback	16	static
main.c:92:6:HAL_TIM_PeriodElapsedCallback	16	static
main.c:123:5:main	8	static
main.c:182:6:SystemClock_Config	160	static
main.c:231:13:MX_ADC1_Init	48	static
main.c:294:13:MX_DAC1_Init	24	static
main.c:332:13:MX_TIM2_Init	40	static
main.c:377:13:MX_TIM3_Init	64	static
main.c:436:13:MX_TIM4_Init	40	static
main.c:481:13:MX_USART2_UART_Init	8	static
main.c:514:13:MX_DMA_Init	16	static
main.c:532:13:MX_GPIO_Init	48	static
main.c:598:6:Error_Handler	4	static
